../Lib/Src/lcd1602.c:36:13:LCD_Delay	24	static
../Lib/Src/lcd1602.c:45:13:LCD_WriteCommand	16	static
../Lib/Src/lcd1602.c:68:13:LCD_WriteData	16	static
../Lib/Src/lcd1602.c:87:6:LCD_RecoveryInit	8	static
../Lib/Src/lcd1602.c:123:6:LCD_HardReset	8	static
../Lib/Src/lcd1602.c:203:6:LCD_Init	32	static
../Lib/Src/lcd1602.c:238:6:LCD_Clear	8	static
../Lib/Src/lcd1602.c:247:6:LCD_SetCursor	24	static
../Lib/Src/lcd1602.c:256:6:LCD_WriteString	16	static
../Lib/Src/lcd1602.c:266:6:LCD_WriteChar	16	static
../Lib/Src/lcd1602.c:274:6:LCD_WriteNumber	16	static
../Lib/Src/lcd1602.c:290:6:LCD_DisplayControl	24	static
../Lib/Src/lcd1602.c:302:6:LCD_CreateChar	24	static
