Archive member included to satisfy reference by file (symbol)

E:/ST/STM32CubeIDE_1.19.0/STM32CubeIDE/plugins/com.st.stm32cube.ide.mcu.externaltools.gnu-tools-for-stm32.13.3.rel1.win32_1.0.0.202411081344/tools/bin/../lib/gcc/arm-none-eabi/13.3.1/../../../../arm-none-eabi/lib/thumb/v7-m/nofp\libc_nano.a(libc_a-exit.o)
                              E:/ST/STM32CubeIDE_1.19.0/STM32CubeIDE/plugins/com.st.stm32cube.ide.mcu.externaltools.gnu-tools-for-stm32.13.3.rel1.win32_1.0.0.202411081344/tools/bin/../lib/gcc/arm-none-eabi/13.3.1/../../../../arm-none-eabi/lib/thumb/v7-m/nofp/crt0.o (exit)
E:/ST/STM32CubeIDE_1.19.0/STM32CubeIDE/plugins/com.st.stm32cube.ide.mcu.externaltools.gnu-tools-for-stm32.13.3.rel1.win32_1.0.0.202411081344/tools/bin/../lib/gcc/arm-none-eabi/13.3.1/../../../../arm-none-eabi/lib/thumb/v7-m/nofp\libc_nano.a(libc_a-findfp.o)
                              E:/ST/STM32CubeIDE_1.19.0/STM32CubeIDE/plugins/com.st.stm32cube.ide.mcu.externaltools.gnu-tools-for-stm32.13.3.rel1.win32_1.0.0.202411081344/tools/bin/../lib/gcc/arm-none-eabi/13.3.1/../../../../arm-none-eabi/lib/thumb/v7-m/nofp\libc_nano.a(libc_a-exit.o) (__stdio_exit_handler)
E:/ST/STM32CubeIDE_1.19.0/STM32CubeIDE/plugins/com.st.stm32cube.ide.mcu.externaltools.gnu-tools-for-stm32.13.3.rel1.win32_1.0.0.202411081344/tools/bin/../lib/gcc/arm-none-eabi/13.3.1/../../../../arm-none-eabi/lib/thumb/v7-m/nofp\libc_nano.a(libc_a-fwalk.o)
                              E:/ST/STM32CubeIDE_1.19.0/STM32CubeIDE/plugins/com.st.stm32cube.ide.mcu.externaltools.gnu-tools-for-stm32.13.3.rel1.win32_1.0.0.202411081344/tools/bin/../lib/gcc/arm-none-eabi/13.3.1/../../../../arm-none-eabi/lib/thumb/v7-m/nofp\libc_nano.a(libc_a-findfp.o) (_fwalk_sglue)
E:/ST/STM32CubeIDE_1.19.0/STM32CubeIDE/plugins/com.st.stm32cube.ide.mcu.externaltools.gnu-tools-for-stm32.13.3.rel1.win32_1.0.0.202411081344/tools/bin/../lib/gcc/arm-none-eabi/13.3.1/../../../../arm-none-eabi/lib/thumb/v7-m/nofp\libc_nano.a(libc_a-snprintf.o)
                              ./App/Src/alarm.o (snprintf)
E:/ST/STM32CubeIDE_1.19.0/STM32CubeIDE/plugins/com.st.stm32cube.ide.mcu.externaltools.gnu-tools-for-stm32.13.3.rel1.win32_1.0.0.202411081344/tools/bin/../lib/gcc/arm-none-eabi/13.3.1/../../../../arm-none-eabi/lib/thumb/v7-m/nofp\libc_nano.a(libc_a-sprintf.o)
                              ./App/Src/get_time.o (sprintf)
E:/ST/STM32CubeIDE_1.19.0/STM32CubeIDE/plugins/com.st.stm32cube.ide.mcu.externaltools.gnu-tools-for-stm32.13.3.rel1.win32_1.0.0.202411081344/tools/bin/../lib/gcc/arm-none-eabi/13.3.1/../../../../arm-none-eabi/lib/thumb/v7-m/nofp\libc_nano.a(libc_a-stdio.o)
                              E:/ST/STM32CubeIDE_1.19.0/STM32CubeIDE/plugins/com.st.stm32cube.ide.mcu.externaltools.gnu-tools-for-stm32.13.3.rel1.win32_1.0.0.202411081344/tools/bin/../lib/gcc/arm-none-eabi/13.3.1/../../../../arm-none-eabi/lib/thumb/v7-m/nofp\libc_nano.a(libc_a-findfp.o) (__sread)
E:/ST/STM32CubeIDE_1.19.0/STM32CubeIDE/plugins/com.st.stm32cube.ide.mcu.externaltools.gnu-tools-for-stm32.13.3.rel1.win32_1.0.0.202411081344/tools/bin/../lib/gcc/arm-none-eabi/13.3.1/../../../../arm-none-eabi/lib/thumb/v7-m/nofp\libc_nano.a(libc_a-memset.o)
                              E:/ST/STM32CubeIDE_1.19.0/STM32CubeIDE/plugins/com.st.stm32cube.ide.mcu.externaltools.gnu-tools-for-stm32.13.3.rel1.win32_1.0.0.202411081344/tools/bin/../lib/gcc/arm-none-eabi/13.3.1/../../../../arm-none-eabi/lib/thumb/v7-m/nofp/crt0.o (memset)
E:/ST/STM32CubeIDE_1.19.0/STM32CubeIDE/plugins/com.st.stm32cube.ide.mcu.externaltools.gnu-tools-for-stm32.13.3.rel1.win32_1.0.0.202411081344/tools/bin/../lib/gcc/arm-none-eabi/13.3.1/../../../../arm-none-eabi/lib/thumb/v7-m/nofp\libc_nano.a(libc_a-strncat.o)
                              ./App/Src/timer.o (strncat)
E:/ST/STM32CubeIDE_1.19.0/STM32CubeIDE/plugins/com.st.stm32cube.ide.mcu.externaltools.gnu-tools-for-stm32.13.3.rel1.win32_1.0.0.202411081344/tools/bin/../lib/gcc/arm-none-eabi/13.3.1/../../../../arm-none-eabi/lib/thumb/v7-m/nofp\libc_nano.a(libc_a-strncpy.o)
                              ./App/Src/timer.o (strncpy)
E:/ST/STM32CubeIDE_1.19.0/STM32CubeIDE/plugins/com.st.stm32cube.ide.mcu.externaltools.gnu-tools-for-stm32.13.3.rel1.win32_1.0.0.202411081344/tools/bin/../lib/gcc/arm-none-eabi/13.3.1/../../../../arm-none-eabi/lib/thumb/v7-m/nofp\libc_nano.a(libc_a-gmtime.o)
                              ./Lib/Src/addd_rtc.o (gmtime)
E:/ST/STM32CubeIDE_1.19.0/STM32CubeIDE/plugins/com.st.stm32cube.ide.mcu.externaltools.gnu-tools-for-stm32.13.3.rel1.win32_1.0.0.202411081344/tools/bin/../lib/gcc/arm-none-eabi/13.3.1/../../../../arm-none-eabi/lib/thumb/v7-m/nofp\libc_nano.a(libc_a-gmtime_r.o)
                              E:/ST/STM32CubeIDE_1.19.0/STM32CubeIDE/plugins/com.st.stm32cube.ide.mcu.externaltools.gnu-tools-for-stm32.13.3.rel1.win32_1.0.0.202411081344/tools/bin/../lib/gcc/arm-none-eabi/13.3.1/../../../../arm-none-eabi/lib/thumb/v7-m/nofp\libc_nano.a(libc_a-gmtime.o) (gmtime_r)
[...]
Memory Configuration

Name             Origin             Length             Attributes
RAM              0x20000000         0x00005000         xrw
FLASH            0x08000000         0x00010000         xr
*default*        0x00000000         0xffffffff

Linker script and memory map

LOAD E:/ST/STM32CubeIDE_1.19.0/STM32CubeIDE/plugins/com.st.stm32cube.ide.mcu.externaltools.gnu-tools-for-stm32.13.3.rel1.win32_1.0.0.202411081344/tools/bin/../lib/gcc/arm-none-eabi/13.3.1/thumb/v7-m/nofp/crti.o
LOAD E:/ST/STM32CubeIDE_1.19.0/STM32CubeIDE/plugins/com.st.stm32cube.ide.mcu.externaltools.gnu-tools-for-stm32.13.3.rel1.win32_1.0.0.202411081344/tools/bin/../lib/gcc/arm-none-eabi/13.3.1/thumb/v7-m/nofp/crtbegin.o
LOAD E:/ST/STM32CubeIDE_1.19.0/STM32CubeIDE/plugins/com.st.stm32cube.ide.mcu.externaltools.gnu-tools-for-stm32.13.3.rel1.win32_1.0.0.202411081344/tools/bin/../lib/gcc/arm-none-eabi/13.3.1/../../../../arm-none-eabi/lib/thumb/v7-m/nofp/crt0.o
LOAD ./App/Src/alarm.o
LOAD ./App/Src/btn_response.o
LOAD ./App/Src/get_time.o
LOAD ./App/Src/task_lcd.o
LOAD ./App/Src/task_main.o
LOAD ./App/Src/test.o
LOAD ./App/Src/timer.o
LOAD ./Core/Src/dma.o
LOAD ./Core/Src/gpio.o
LOAD ./Core/Src/main.o
LOAD ./Core/Src/rtc.o
LOAD ./Core/Src/stm32f1xx_hal_msp.o
LOAD ./Core/Src/stm32f1xx_it.o
LOAD ./Core/Src/syscalls.o
LOAD ./Core/Src/sysmem.o
LOAD ./Core/Src/system_stm32f1xx.o
LOAD ./Core/Src/tim.o
LOAD ./Core/Src/usart.o
LOAD ./Core/Startup/startup_stm32f103c8tx.o
LOAD ./Drivers/STM32F1xx_HAL_Driver/Src/stm32f1xx_hal.o
LOAD ./Drivers/STM32F1xx_HAL_Driver/Src/stm32f1xx_hal_cortex.o
LOAD ./Drivers/STM32F1xx_HAL_Driver/Src/stm32f1xx_hal_dma.o
LOAD ./Drivers/STM32F1xx_HAL_Driver/Src/stm32f1xx_hal_exti.o
LOAD ./Drivers/STM32F1xx_HAL_Driver/Src/stm32f1xx_hal_flash.o
LOAD ./Drivers/STM32F1xx_HAL_Driver/Src/stm32f1xx_hal_flash_ex.o
LOAD ./Drivers/STM32F1xx_HAL_Driver/Src/stm32f1xx_hal_gpio.o
LOAD ./Drivers/STM32F1xx_HAL_Driver/Src/stm32f1xx_hal_gpio_ex.o
LOAD ./Drivers/STM32F1xx_HAL_Driver/Src/stm32f1xx_hal_pwr.o
LOAD ./Drivers/STM32F1xx_HAL_Driver/Src/stm32f1xx_hal_rcc.o
LOAD ./Drivers/STM32F1xx_HAL_Driver/Src/stm32f1xx_hal_rcc_ex.o
LOAD ./Drivers/STM32F1xx_HAL_Driver/Src/stm32f1xx_hal_rtc.o
LOAD ./Drivers/STM32F1xx_HAL_Driver/Src/stm32f1xx_hal_rtc_ex.o
LOAD ./Drivers/STM32F1xx_HAL_Driver/Src/stm32f1xx_hal_tim.o
LOAD ./Drivers/STM32F1xx_HAL_Driver/Src/stm32f1xx_hal_tim_ex.o
LOAD ./Drivers/STM32F1xx_HAL_Driver/Src/stm32f1xx_hal_uart.o
LOAD ./Lib/Src/addd_rtc.o
LOAD ./Lib/Src/blt.o
LOAD ./Lib/Src/buzzer.o
LOAD ./Lib/Src/lcd1602.o
LOAD ./Lib/Src/led.o
LOAD ./Lib/Src/matbtn.o
START GROUP
LOAD E:/ST/STM32CubeIDE_1.19.0/STM32CubeIDE/plugins/com.st.stm32cube.ide.mcu.externaltools.gnu-tools-for-stm32.13.3.rel1.win32_1.0.0.202411081344/tools/bin/../lib/gcc/arm-none-eabi/13.3.1/../../../../arm-none-eabi/lib/thumb/v7-m/nofp\libc_nano.a
LOAD E:/ST/STM32CubeIDE_1.19.0/STM32CubeIDE/plugins/com.st.stm32cube.ide.mcu.externaltools.gnu-tools-for-stm32.13.3.rel1.win32_1.0.0.202411081344/tools/bin/../lib/gcc/arm-none-eabi/13.3.1/../../../../arm-none-eabi/lib/thumb/v7-m/nofp\libm.a
END GROUP
START GROUP
LOAD E:/ST/STM32CubeIDE_1.19.0/STM32CubeIDE/plugins/com.st.stm32cube.ide.mcu.externaltools.gnu-tools-for-stm32.13.3.rel1.win32_1.0.0.202411081344/tools/bin/../lib/gcc/arm-none-eabi/13.3.1/thumb/v7-m/nofp\libgcc.a
LOAD E:/ST/STM32CubeIDE_1.19.0/STM32CubeIDE/plugins/com.st.stm32cube.ide.mcu.externaltools.gnu-tools-for-stm32.13.3.rel1.win32_1.0.0.202411081344/tools/bin/../lib/gcc/arm-none-eabi/13.3.1/../../../../arm-none-eabi/lib/thumb/v7-m/nofp\libc_nano.a
END GROUP
START GROUP
LOAD E:/ST/STM32CubeIDE_1.19.0/STM32CubeIDE/plugins/com.st.stm32cube.ide.mcu.externaltools.gnu-tools-for-stm32.13.3.rel1.win32_1.0.0.202411081344/tools/bin/../lib/gcc/arm-none-eabi/13.3.1/thumb/v7-m/nofp\libgcc.a
LOAD E:/ST/STM32CubeIDE_1.19.0/STM32CubeIDE/plugins/com.st.stm32cube.ide.mcu.externaltools.gnu-tools-for-stm32.13.3.rel1.win32_1.0.0.202411081344/tools/bin/../lib/gcc/arm-none-eabi/13.3.1/../../../../arm-none-eabi/lib/thumb/v7-m/nofp\libc_nano.a
LOAD E:/ST/STM32CubeIDE_1.19.0/STM32CubeIDE/plugins/com.st.stm32cube.ide.mcu.externaltools.gnu-tools-for-stm32.13.3.rel1.win32_1.0.0.202411081344/tools/bin/../lib/gcc/arm-none-eabi/13.3.1/../../../../arm-none-eabi/lib/thumb/v7-m/nofp\libnosys.a
END GROUP
START GROUP
LOAD E:/ST/STM32CubeIDE_1.19.0/STM32CubeIDE/plugins/com.st.stm32cube.ide.mcu.externaltools.gnu-tools-for-stm32.13.3.rel1.win32_1.0.0.202411081344/tools/bin/../lib/gcc/arm-none-eabi/13.3.1/thumb/v7-m/nofp\libgcc.a
LOAD E:/ST/STM32CubeIDE_1.19.0/STM32CubeIDE/plugins/com.st.stm32cube.ide.mcu.externaltools.gnu-tools-for-stm32.13.3.rel1.win32_1.0.0.202411081344/tools/bin/../lib/gcc/arm-none-eabi/13.3.1/../../../../arm-none-eabi/lib/thumb/v7-m/nofp\libc_nano.a
LOAD E:/ST/STM32CubeIDE_1.19.0/STM32CubeIDE/plugins/com.st.stm32cube.ide.mcu.externaltools.gnu-tools-for-stm32.13.3.rel1.win32_1.0.0.202411081344/tools/bin/../lib/gcc/arm-none-eabi/13.3.1/../../../../arm-none-eabi/lib/thumb/v7-m/nofp\libnosys.a
END GROUP
LOAD E:/ST/STM32CubeIDE_1.19.0/STM32CubeIDE/plugins/com.st.stm32cube.ide.mcu.externaltools.gnu-tools-for-stm32.13.3.rel1.win32_1.0.0.202411081344/tools/bin/../lib/gcc/arm-none-eabi/13.3.1/thumb/v7-m/nofp/crtend.o
LOAD E:/ST/STM32CubeIDE_1.19.0/STM32CubeIDE/plugins/com.st.stm32cube.ide.mcu.externaltools.gnu-tools-for-stm32.13.3.rel1.win32_1.0.0.202411081344/tools/bin/../lib/gcc/arm-none-eabi/13.3.1/thumb/v7-m/nofp/crtn.o
                0x20005000                        _estack = (ORIGIN (RAM) + LENGTH (RAM))
                0x00000200                        _Min_Heap_Size = 0x200
                0x00000400                        _Min_Stack_Size = 0x400

.isr_vector     0x08000000      0x10c
                0x08000000                        . = ALIGN (0x4)
 *(.isr_vector)
 .isr_vector    0x08000000      0x10c ./Core/Startup/startup_stm32f103c8tx.o
                0x08000000                g_pfnVectors
                0x0800010c                        . = ALIGN (0x4)

.text           0x0800010c     0x9778
                0x0800010c                        . = ALIGN (0x4)
 *(.text)
 .text          0x0800010c       0x40 E:/ST/STM32CubeIDE_1.19.0/STM32CubeIDE/plugins/com.st.stm32cube.ide.mcu.externaltools.gnu-tools-for-stm32.13.3.rel1.win32_1.0.0.202411081344/tools/bin/../lib/gcc/arm-none-eabi/13.3.1/thumb/v7-m/nofp/crtbegin.o
 .text          0x0800014c       0x14 E:/ST/STM32CubeIDE_1.19.0/STM32CubeIDE/plugins/com.st.stm32cube.ide.mcu.externaltools.gnu-tools-for-stm32.13.3.rel1.win32_1.0.0.202411081344/tools/bin/../lib/gcc/arm-none-eabi/13.3.1/../../../../arm-none-eabi/lib/thumb/v7-m/nofp\libc_nano.a(libc_a-strcmp.o)
                0x0800014c                strcmp
 .text          0x08000160       0x10 E:/ST/STM32CubeIDE_1.19.0/STM32CubeIDE/plugins/com.st.stm32cube.ide.mcu.externaltools.gnu-tools-for-stm32.13.3.rel1.win32_1.0.0.202411081344/tools/bin/../lib/gcc/arm-none-eabi/13.3.1/../../../../arm-none-eabi/lib/thumb/v7-m/nofp\libc_nano.a(libc_a-strlen.o)
                0x08000160                strlen
 .text          0x08000170       0xa0 E:/ST/STM32CubeIDE_1.19.0/STM32CubeIDE/plugins/com.st.stm32cube.ide.mcu.externaltools.gnu-tools-for-stm32.13.3.rel1.win32_1.0.0.202411081344/tools/bin/../lib/gcc/arm-none-eabi/13.3.1/thumb/v7-m/nofp\libgcc.a(_aeabi_ldivmod.o)
                0x08000170                __aeabi_ldivmod
 .text          0x08000210      0x300 E:/ST/STM32CubeIDE_1.19.0/STM32CubeIDE/plugins/com.st.stm32cube.ide.mcu.externaltools.gnu-tools-for-stm32.13.3.rel1.win32_1.0.0.202411081344/tools/bin/../lib/gcc/arm-none-eabi/13.3.1/thumb/v7-m/nofp\libgcc.a(_udivmoddi4.o)
                0x08000210                __udivmoddi4
 .text          0x08000510        0x4 E:/ST/STM32CubeIDE_1.19.0/STM32CubeIDE/plugins/com.st.stm32cube.ide.mcu.externaltools.gnu-tools-for-stm32.13.3.rel1.win32_1.0.0.202411081344/tools/bin/../lib/gcc/arm-none-eabi/13.3.1/thumb/v7-m/nofp\libgcc.a(_dvmd_tls.o)
                0x08000510                __aeabi_idiv0
                0x08000510                __aeabi_ldiv0
 *(.text*)
 .text.ValidateAlarmTime
                0x08000514       0x64 ./App/Src/alarm.o
                0x08000514                ValidateAlarmTime
 .text.SaveAlarmFromLine1
                0x08000578       0x80 ./App/Src/alarm.o
                0x08000578                SaveAlarmFromLine1
 .text.AdjustAlarmDigit
                0x080005f8      0x25c ./App/Src/alarm.o
                0x080005f8                AdjustAlarmDigit
 .text.CalculateAlarmChecksum_16bit
                0x08000854       0x70 ./App/Src/alarm.o
                0x08000854                CalculateAlarmChecksum_16bit
 .text.SaveAlarmToStorage
                0x080008c4      0x13c ./App/Src/alarm.o
                0x080008c4                SaveAlarmToStorage
 .text.ProcessAlarmDirectInput
                0x08000a00      0x110 ./App/Src/alarm.o
 .text.AlarmEditModeCompact
                0x08000b10      0x554 ./App/Src/alarm.o
                0x08000b10                AlarmEditModeCompact
 .text.AlarmViewMode
                0x08001064      0x178 ./App/Src/alarm.o
                0x08001064                AlarmViewMode
 .text.LoadAlarmFromStorage
                0x080011dc       0xe0 ./App/Src/alarm.o
                0x080011dc                LoadAlarmFromStorage
 .text.AlarmCheck
                0x080012bc       0x54 ./App/Src/alarm.o
                0x080012bc                AlarmCheck
 .text.AlarmAlert
                0x08001310      0x124 ./App/Src/alarm.o
                0x08001310                AlarmAlert
 .text.IsAlarmEnabled
                0x08001434       0x14 ./App/Src/alarm.o
                0x08001434                IsAlarmEnabled
 .text.ChangeMode
                0x08001448       0x92 ./App/Src/btn_response.o
                0x08001448                ChangeMode
 *fill*         0x080014da        0x2 
 .text.interface
                0x080014dc       0xac ./App/Src/btn_response.o
                0x080014dc                interface
 .text.GetTime  0x08001588      0x100 ./App/Src/get_time.o
                0x08001588                GetTime
 .text.ShowTime
                0x08001688      0x164 ./App/Src/get_time.o
                0x08001688                ShowTime
 .text.CreateArrowChars
                0x080017ec       0xa8 ./App/Src/get_time.o
                0x080017ec                CreateArrowChars
 .text.SaveTimeToRTC
                0x08001894       0x20 ./App/Src/get_time.o
                0x08001894                SaveTimeToRTC
 .text.SaveTimeFromLine1
                0x080018b4       0xc4 ./App/Src/get_time.o
                0x080018b4                SaveTimeFromLine1
 .text.GetDaysInMonth
                0x08001978       0x72 ./App/Src/get_time.o
                0x08001978                GetDaysInMonth
 *fill*         0x080019ea        0x2 
 .text.ValidateDay
                0x080019ec       0xc4 ./App/Src/get_time.o
                0x080019ec                ValidateDay
 .text.AdjustCurrentDigit
                0x08001ab0      0x3e8 ./App/Src/get_time.o
                0x08001ab0                AdjustCurrentDigit
 .text.ValidateSettingTime
                0x08001e98       0xc4 ./App/Src/get_time.o
                0x08001e98                ValidateSettingTime
 .text.ProcessDirectInput
                0x08001f5c      0x1d4 ./App/Src/get_time.o
 .text.DateTimeEditModeCompact
                0x08002130      0x638 ./App/Src/get_time.o
                0x08002130                DateTimeEditModeCompact
 .text.ChangeTime
                0x08002768       0x16 ./App/Src/get_time.o
                0x08002768                ChangeTime
 .text.TimeToLCD
                0x0800277e       0x2a ./App/Src/task_lcd.o
                0x0800277e                TimeToLCD
 .text.MainTaskInit
                0x080027a8       0x34 ./App/Src/task_main.o
                0x080027a8                MainTaskInit
 .text.MainTask
                0x080027dc       0x12 ./App/Src/task_main.o
                0x080027dc                MainTask
 *fill*         0x080027ee        0x2 
 .text.TimInit  0x080027f0       0x24 ./App/Src/timer.o
                0x080027f0                TimInit
 .text.Timer_Init
                0x08002814       0x44 ./App/Src/timer.o
                0x08002814                Timer_Init
 .text.FormatTimerTime
                0x08002858       0x88 ./App/Src/timer.o
 .text.FormatLapTime
                0x080028e0       0x7c ./App/Src/timer.o
 .text.UpdateTimerDisplay
                0x0800295c      0x160 ./App/Src/timer.o
 .text.RecordLap
                0x08002abc       0x64 ./App/Src/timer.o
 .text.ResetTimer
                0x08002b20       0x44 ./App/Src/timer.o
                0x08002b20                ResetTimer
 .text.HandleLapNavigation
                0x08002b64       0x7c ./App/Src/timer.o
 .text.TimerMode
                0x08002be0      0x1c0 ./App/Src/timer.o
                0x08002be0                TimerMode
 .text.HAL_TIM_PeriodElapsedCallback
                0x08002da0       0x40 ./App/Src/timer.o
                0x08002da0                HAL_TIM_PeriodElapsedCallback
 .text.IsStopwatchRunningInBackground
                0x08002de0       0x18 ./App/Src/timer.o
                0x08002de0                IsStopwatchRunningInBackground
 .text.MX_DMA_Init
                0x08002df8       0x4c ./Core/Src/dma.o
                0x08002df8                MX_DMA_Init
 .text.MX_GPIO_Init
                0x08002e44      0x120 ./Core/Src/gpio.o
                0x08002e44                MX_GPIO_Init
 .text.main     0x08002f64       0x38 ./Core/Src/main.o
                0x08002f64                main
 .text.SystemClock_Config
                0x08002f9c       0xba ./Core/Src/main.o
                0x08002f9c                SystemClock_Config
 .text.Error_Handler
                0x08003056        0xc ./Core/Src/main.o
                0x08003056                Error_Handler
 *fill*         0x08003062        0x2 
 .text.MX_RTC_Init
                0x08003064       0x2c ./Core/Src/rtc.o
                0x08003064                MX_RTC_Init
 .text.HAL_RTC_MspInit
                0x08003090       0x48 ./Core/Src/rtc.o
                0x08003090                HAL_RTC_MspInit
 .text.HAL_MspInit
                0x080030d8       0x64 ./Core/Src/stm32f1xx_hal_msp.o
                0x080030d8                HAL_MspInit
 .text.NMI_Handler
                0x0800313c        0x8 ./Core/Src/stm32f1xx_it.o
                0x0800313c                NMI_Handler
 .text.HardFault_Handler
                0x08003144        0x8 ./Core/Src/stm32f1xx_it.o
                0x08003144                HardFault_Handler
 .text.MemManage_Handler
                0x0800314c        0x8 ./Core/Src/stm32f1xx_it.o
                0x0800314c                MemManage_Handler
 .text.BusFault_Handler
                0x08003154        0x8 ./Core/Src/stm32f1xx_it.o
                0x08003154                BusFault_Handler
 .text.UsageFault_Handler
                0x0800315c        0x8 ./Core/Src/stm32f1xx_it.o
                0x0800315c                UsageFault_Handler
 .text.SVC_Handler
                0x08003164        0xc ./Core/Src/stm32f1xx_it.o
                0x08003164                SVC_Handler
 .text.DebugMon_Handler
                0x08003170        0xc ./Core/Src/stm32f1xx_it.o
                0x08003170                DebugMon_Handler
 .text.PendSV_Handler
                0x0800317c        0xc ./Core/Src/stm32f1xx_it.o
                0x0800317c                PendSV_Handler
 .text.SysTick_Handler
                0x08003188        0xc ./Core/Src/stm32f1xx_it.o
                0x08003188                SysTick_Handler
 .text.DMA1_Channel4_IRQHandler
                0x08003194       0x14 ./Core/Src/stm32f1xx_it.o
                0x08003194                DMA1_Channel4_IRQHandler
 .text.DMA1_Channel5_IRQHandler
                0x080031a8       0x14 ./Core/Src/stm32f1xx_it.o
                0x080031a8                DMA1_Channel5_IRQHandler
 .text.TIM4_IRQHandler
                0x080031bc       0x14 ./Core/Src/stm32f1xx_it.o
                0x080031bc                TIM4_IRQHandler
 .text.USART1_IRQHandler
                0x080031d0       0x14 ./Core/Src/stm32f1xx_it.o
                0x080031d0                USART1_IRQHandler
 .text._getpid  0x080031e4        0xe ./Core/Src/syscalls.o
                0x080031e4                _getpid
 .text._kill    0x080031f2       0x20 ./Core/Src/syscalls.o
                0x080031f2                _kill
 .text._exit    0x08003212       0x16 ./Core/Src/syscalls.o
                0x08003212                _exit
 .text._read    0x08003228       0x3a ./Core/Src/syscalls.o
                0x08003228                _read
 .text._write   0x08003262       0x38 ./Core/Src/syscalls.o
                0x08003262                _write
 .text._close   0x0800329a       0x16 ./Core/Src/syscalls.o
                0x0800329a                _close
 .text._fstat   0x080032b0       0x1e ./Core/Src/syscalls.o
                0x080032b0                _fstat
 .text._isatty  0x080032ce       0x14 ./Core/Src/syscalls.o
                0x080032ce                _isatty
 .text._lseek   0x080032e2       0x18 ./Core/Src/syscalls.o
                0x080032e2                _lseek
 *fill*         0x080032fa        0x2 
 .text._sbrk    0x080032fc       0x6c ./Core/Src/sysmem.o
                0x080032fc                _sbrk
 .text.SystemInit
                0x08003368        0xc ./Core/Src/system_stm32f1xx.o
                0x08003368                SystemInit
 .text.MX_TIM4_Init
                0x08003374       0x9c ./Core/Src/tim.o
                0x08003374                MX_TIM4_Init
 .text.HAL_TIM_Base_MspInit
                0x08003410       0x4c ./Core/Src/tim.o
                0x08003410                HAL_TIM_Base_MspInit
 .text.MX_USART1_UART_Init
                0x0800345c       0x54 ./Core/Src/usart.o
                0x0800345c                MX_USART1_UART_Init
 .text.HAL_UART_MspInit
                0x080034b0      0x170 ./Core/Src/usart.o
                0x080034b0                HAL_UART_MspInit
 .text.Reset_Handler
                0x08003620       0x48 ./Core/Startup/startup_stm32f103c8tx.o
                0x08003620                Reset_Handler
 .text.Default_Handler
                0x08003668        0x2 ./Core/Startup/startup_stm32f103c8tx.o
                0x08003668                RTC_Alarm_IRQHandler
                0x08003668                EXTI2_IRQHandler
                0x08003668                TIM1_CC_IRQHandler
                0x08003668                PVD_IRQHandler
                0x08003668                EXTI3_IRQHandler
                0x08003668                EXTI0_IRQHandler
                0x08003668                I2C2_EV_IRQHandler
                0x08003668                ADC1_2_IRQHandler
                0x08003668                SPI1_IRQHandler
                0x08003668                TAMPER_IRQHandler
                0x08003668                USART3_IRQHandler
                0x08003668                RTC_IRQHandler
                0x08003668                DMA1_Channel7_IRQHandler
                0x08003668                CAN1_RX1_IRQHandler
                0x08003668                I2C1_EV_IRQHandler
                0x08003668                DMA1_Channel6_IRQHandler
                0x08003668                TIM3_IRQHandler
                0x08003668                RCC_IRQHandler
                0x08003668                TIM1_TRG_COM_IRQHandler
                0x08003668                DMA1_Channel1_IRQHandler
                0x08003668                Default_Handler
                0x08003668                EXTI15_10_IRQHandler
                0x08003668                EXTI9_5_IRQHandler
                0x08003668                SPI2_IRQHandler
                0x08003668                EXTI4_IRQHandler
                0x08003668                USB_LP_CAN1_RX0_IRQHandler
                0x08003668                USB_HP_CAN1_TX_IRQHandler
                0x08003668                DMA1_Channel3_IRQHandler
                0x08003668                TIM1_UP_IRQHandler
                0x08003668                WWDG_IRQHandler
                0x08003668                TIM2_IRQHandler
                0x08003668                TIM1_BRK_IRQHandler
                0x08003668                EXTI1_IRQHandler
                0x08003668                USART2_IRQHandler
                0x08003668                I2C2_ER_IRQHandler
                0x08003668                DMA1_Channel2_IRQHandler
                0x08003668                CAN1_SCE_IRQHandler
                0x08003668                FLASH_IRQHandler
                0x08003668                I2C1_ER_IRQHandler
                0x08003668                USBWakeUp_IRQHandler
 *fill*         0x0800366a        0x2 
 .text.HAL_Init
                0x0800366c       0x2c ./Drivers/STM32F1xx_HAL_Driver/Src/stm32f1xx_hal.o
                0x0800366c                HAL_Init
 .text.HAL_InitTick
                0x08003698       0x60 ./Drivers/STM32F1xx_HAL_Driver/Src/stm32f1xx_hal.o
                0x08003698                HAL_InitTick
 .text.HAL_IncTick
                0x080036f8       0x24 ./Drivers/STM32F1xx_HAL_Driver/Src/stm32f1xx_hal.o
                0x080036f8                HAL_IncTick
 .text.HAL_GetTick
                0x0800371c       0x14 ./Drivers/STM32F1xx_HAL_Driver/Src/stm32f1xx_hal.o
                0x0800371c                HAL_GetTick
 .text.HAL_Delay
                0x08003730       0x48 ./Drivers/STM32F1xx_HAL_Driver/Src/stm32f1xx_hal.o
                0x08003730                HAL_Delay
 .text.__NVIC_SetPriorityGrouping
                0x08003778       0x48 ./Drivers/STM32F1xx_HAL_Driver/Src/stm32f1xx_hal_cortex.o
 .text.__NVIC_GetPriorityGrouping
                0x080037c0       0x1c ./Drivers/STM32F1xx_HAL_Driver/Src/stm32f1xx_hal_cortex.o
 .text.__NVIC_EnableIRQ
                0x080037dc       0x38 ./Drivers/STM32F1xx_HAL_Driver/Src/stm32f1xx_hal_cortex.o
 .text.__NVIC_SetPriority
                0x08003814       0x54 ./Drivers/STM32F1xx_HAL_Driver/Src/stm32f1xx_hal_cortex.o
 .text.NVIC_EncodePriority
                0x08003868       0x64 ./Drivers/STM32F1xx_HAL_Driver/Src/stm32f1xx_hal_cortex.o
 .text.SysTick_Config
                0x080038cc       0x44 ./Drivers/STM32F1xx_HAL_Driver/Src/stm32f1xx_hal_cortex.o
 .text.HAL_NVIC_SetPriorityGrouping
                0x08003910       0x16 ./Drivers/STM32F1xx_HAL_Driver/Src/stm32f1xx_hal_cortex.o
                0x08003910                HAL_NVIC_SetPriorityGrouping
 .text.HAL_NVIC_SetPriority
                0x08003926       0x38 ./Drivers/STM32F1xx_HAL_Driver/Src/stm32f1xx_hal_cortex.o
                0x08003926                HAL_NVIC_SetPriority
 .text.HAL_NVIC_EnableIRQ
                0x0800395e       0x1c ./Drivers/STM32F1xx_HAL_Driver/Src/stm32f1xx_hal_cortex.o
                0x0800395e                HAL_NVIC_EnableIRQ
 .text.HAL_SYSTICK_Config
                0x0800397a       0x18 ./Drivers/STM32F1xx_HAL_Driver/Src/stm32f1xx_hal_cortex.o
                0x0800397a                HAL_SYSTICK_Config
 *fill*         0x08003992        0x2 
 .text.HAL_DMA_Init
                0x08003994       0xb4 ./Drivers/STM32F1xx_HAL_Driver/Src/stm32f1xx_hal_dma.o
                0x08003994                HAL_DMA_Init
 .text.HAL_DMA_Abort
                0x08003a48       0x76 ./Drivers/STM32F1xx_HAL_Driver/Src/stm32f1xx_hal_dma.o
                0x08003a48                HAL_DMA_Abort
 *fill*         0x08003abe        0x2 
 .text.HAL_DMA_Abort_IT
                0x08003ac0       0xf0 ./Drivers/STM32F1xx_HAL_Driver/Src/stm32f1xx_hal_dma.o
                0x08003ac0                HAL_DMA_Abort_IT
 .text.HAL_DMA_IRQHandler
                0x08003bb0      0x20c ./Drivers/STM32F1xx_HAL_Driver/Src/stm32f1xx_hal_dma.o
                0x08003bb0                HAL_DMA_IRQHandler
 .text.HAL_GPIO_Init
                0x08003dbc      0x308 ./Drivers/STM32F1xx_HAL_Driver/Src/stm32f1xx_hal_gpio.o
                0x08003dbc                HAL_GPIO_Init
 .text.HAL_GPIO_ReadPin
                0x080040c4       0x2e ./Drivers/STM32F1xx_HAL_Driver/Src/stm32f1xx_hal_gpio.o
                0x080040c4                HAL_GPIO_ReadPin
 .text.HAL_GPIO_WritePin
                0x080040f2       0x30 ./Drivers/STM32F1xx_HAL_Driver/Src/stm32f1xx_hal_gpio.o
                0x080040f2                HAL_GPIO_WritePin
 *fill*         0x08004122        0x2 
 .text.HAL_PWR_EnableBkUpAccess
                0x08004124       0x18 ./Drivers/STM32F1xx_HAL_Driver/Src/stm32f1xx_hal_pwr.o
                0x08004124                HAL_PWR_EnableBkUpAccess
 .text.HAL_RCC_OscConfig
                0x0800413c      0x504 ./Drivers/STM32F1xx_HAL_Driver/Src/stm32f1xx_hal_rcc.o
                0x0800413c                HAL_RCC_OscConfig
 .text.HAL_RCC_ClockConfig
                0x08004640      0x1d4 ./Drivers/STM32F1xx_HAL_Driver/Src/stm32f1xx_hal_rcc.o
                0x08004640                HAL_RCC_ClockConfig
 .text.HAL_RCC_GetSysClockFreq
                0x08004814       0xa8 ./Drivers/STM32F1xx_HAL_Driver/Src/stm32f1xx_hal_rcc.o
                0x08004814                HAL_RCC_GetSysClockFreq
 .text.HAL_RCC_GetHCLKFreq
                0x080048bc       0x14 ./Drivers/STM32F1xx_HAL_Driver/Src/stm32f1xx_hal_rcc.o
                0x080048bc                HAL_RCC_GetHCLKFreq
 .text.HAL_RCC_GetPCLK1Freq
                0x080048d0       0x28 ./Drivers/STM32F1xx_HAL_Driver/Src/stm32f1xx_hal_rcc.o
                0x080048d0                HAL_RCC_GetPCLK1Freq
 .text.HAL_RCC_GetPCLK2Freq
                0x080048f8       0x28 ./Drivers/STM32F1xx_HAL_Driver/Src/stm32f1xx_hal_rcc.o
                0x080048f8                HAL_RCC_GetPCLK2Freq
 .text.RCC_Delay
                0x08004920       0x3c ./Drivers/STM32F1xx_HAL_Driver/Src/stm32f1xx_hal_rcc.o
 .text.HAL_RCCEx_PeriphCLKConfig
                0x0800495c      0x16c ./Drivers/STM32F1xx_HAL_Driver/Src/stm32f1xx_hal_rcc_ex.o
                0x0800495c                HAL_RCCEx_PeriphCLKConfig
 .text.HAL_RCCEx_GetPeriphCLKFreq
                0x08004ac8      0x16c ./Drivers/STM32F1xx_HAL_Driver/Src/stm32f1xx_hal_rcc_ex.o
                0x08004ac8                HAL_RCCEx_GetPeriphCLKFreq
 .text.HAL_RTC_Init
                0x08004c34      0x118 ./Drivers/STM32F1xx_HAL_Driver/Src/stm32f1xx_hal_rtc.o
                0x08004c34                HAL_RTC_Init
 .text.HAL_RTC_WaitForSynchro
                0x08004d4c       0x5a ./Drivers/STM32F1xx_HAL_Driver/Src/stm32f1xx_hal_rtc.o
                0x08004d4c                HAL_RTC_WaitForSynchro
 .text.RTC_EnterInitMode
                0x08004da6       0x50 ./Drivers/STM32F1xx_HAL_Driver/Src/stm32f1xx_hal_rtc.o
 .text.RTC_ExitInitMode
                0x08004df6       0x50 ./Drivers/STM32F1xx_HAL_Driver/Src/stm32f1xx_hal_rtc.o
 *fill*         0x08004e46        0x2 
 .text.HAL_RTCEx_BKUPWrite
                0x08004e48       0x34 ./Drivers/STM32F1xx_HAL_Driver/Src/stm32f1xx_hal_rtc_ex.o
                0x08004e48                HAL_RTCEx_BKUPWrite
 .text.HAL_RTCEx_BKUPRead
                0x08004e7c       0x38 ./Drivers/STM32F1xx_HAL_Driver/Src/stm32f1xx_hal_rtc_ex.o
                0x08004e7c                HAL_RTCEx_BKUPRead
 .text.HAL_TIM_Base_Init
                0x08004eb4       0x9e ./Drivers/STM32F1xx_HAL_Driver/Src/stm32f1xx_hal_tim.o
                0x08004eb4                HAL_TIM_Base_Init
 *fill*         0x08004f52        0x2 
 .text.HAL_TIM_Base_Start_IT
                0x08004f54       0xa4 ./Drivers/STM32F1xx_HAL_Driver/Src/stm32f1xx_hal_tim.o
                0x08004f54                HAL_TIM_Base_Start_IT
 .text.HAL_TIM_IRQHandler
                0x08004ff8      0x1e0 ./Drivers/STM32F1xx_HAL_Driver/Src/stm32f1xx_hal_tim.o
                0x08004ff8                HAL_TIM_IRQHandler
 .text.HAL_TIM_ConfigClockSource
                0x080051d8      0x18e ./Drivers/STM32F1xx_HAL_Driver/Src/stm32f1xx_hal_tim.o
                0x080051d8                HAL_TIM_ConfigClockSource
 .text.HAL_TIM_OC_DelayElapsedCallback
                0x08005366       0x12 ./Drivers/STM32F1xx_HAL_Driver/Src/stm32f1xx_hal_tim.o
                0x08005366                HAL_TIM_OC_DelayElapsedCallback
 .text.HAL_TIM_IC_CaptureCallback
                0x08005378       0x12 ./Drivers/STM32F1xx_HAL_Driver/Src/stm32f1xx_hal_tim.o
                0x08005378                HAL_TIM_IC_CaptureCallback
 .text.HAL_TIM_PWM_PulseFinishedCallback
                0x0800538a       0x12 ./Drivers/STM32F1xx_HAL_Driver/Src/stm32f1xx_hal_tim.o
                0x0800538a                HAL_TIM_PWM_PulseFinishedCallback
 .text.HAL_TIM_TriggerCallback
                0x0800539c       0x12 ./Drivers/STM32F1xx_HAL_Driver/Src/stm32f1xx_hal_tim.o
                0x0800539c                HAL_TIM_TriggerCallback
 *fill*         0x080053ae        0x2 
 .text.TIM_Base_SetConfig
                0x080053b0       0xdc ./Drivers/STM32F1xx_HAL_Driver/Src/stm32f1xx_hal_tim.o
                0x080053b0                TIM_Base_SetConfig
 .text.TIM_TI1_ConfigInputStage
                0x0800548c       0x5c ./Drivers/STM32F1xx_HAL_Driver/Src/stm32f1xx_hal_tim.o
 .text.TIM_TI2_ConfigInputStage
                0x080054e8       0x5e ./Drivers/STM32F1xx_HAL_Driver/Src/stm32f1xx_hal_tim.o
 .text.TIM_ITRx_SetConfig
                0x08005546       0x34 ./Drivers/STM32F1xx_HAL_Driver/Src/stm32f1xx_hal_tim.o
 .text.TIM_ETR_SetConfig
                0x0800557a       0x3e ./Drivers/STM32F1xx_HAL_Driver/Src/stm32f1xx_hal_tim.o
                0x0800557a                TIM_ETR_SetConfig
 .text.HAL_TIMEx_MasterConfigSynchronization
                0x080055b8       0xbc ./Drivers/STM32F1xx_HAL_Driver/Src/stm32f1xx_hal_tim_ex.o
                0x080055b8                HAL_TIMEx_MasterConfigSynchronization
 .text.HAL_TIMEx_CommutCallback
                0x08005674       0x12 ./Drivers/STM32F1xx_HAL_Driver/Src/stm32f1xx_hal_tim_ex.o
                0x08005674                HAL_TIMEx_CommutCallback
 .text.HAL_TIMEx_BreakCallback
                0x08005686       0x12 ./Drivers/STM32F1xx_HAL_Driver/Src/stm32f1xx_hal_tim_ex.o
                0x08005686                HAL_TIMEx_BreakCallback
 .text.HAL_UART_Init
                0x08005698       0xa0 ./Drivers/STM32F1xx_HAL_Driver/Src/stm32f1xx_hal_uart.o
                0x08005698                HAL_UART_Init
 .text.HAL_UART_Transmit
                0x08005738      0x116 ./Drivers/STM32F1xx_HAL_Driver/Src/stm32f1xx_hal_uart.o
                0x08005738                HAL_UART_Transmit
 .text.HAL_UART_Receive_IT
                0x0800584e       0x4a ./Drivers/STM32F1xx_HAL_Driver/Src/stm32f1xx_hal_uart.o
                0x0800584e                HAL_UART_Receive_IT
 .text.HAL_UART_IRQHandler
                0x08005898      0x524 ./Drivers/STM32F1xx_HAL_Driver/Src/stm32f1xx_hal_uart.o
                0x08005898                HAL_UART_IRQHandler
 .text.HAL_UART_TxCpltCallback
                0x08005dbc       0x12 ./Drivers/STM32F1xx_HAL_Driver/Src/stm32f1xx_hal_uart.o
                0x08005dbc                HAL_UART_TxCpltCallback
 .text.HAL_UART_ErrorCallback
                0x08005dce       0x12 ./Drivers/STM32F1xx_HAL_Driver/Src/stm32f1xx_hal_uart.o
                0x08005dce                HAL_UART_ErrorCallback
 .text.HAL_UARTEx_RxEventCallback
                0x08005de0       0x16 ./Drivers/STM32F1xx_HAL_Driver/Src/stm32f1xx_hal_uart.o
                0x08005de0                HAL_UARTEx_RxEventCallback
 .text.UART_WaitOnFlagUntilTimeout
                0x08005df6       0xb2 ./Drivers/STM32F1xx_HAL_Driver/Src/stm32f1xx_hal_uart.o
 .text.UART_Start_Receive_IT
                0x08005ea8       0x72 ./Drivers/STM32F1xx_HAL_Driver/Src/stm32f1xx_hal_uart.o
                0x08005ea8                UART_Start_Receive_IT
 .text.UART_EndRxTransfer
                0x08005f1a       0xc4 ./Drivers/STM32F1xx_HAL_Driver/Src/stm32f1xx_hal_uart.o
 .text.UART_DMAAbortOnError
                0x08005fde       0x28 ./Drivers/STM32F1xx_HAL_Driver/Src/stm32f1xx_hal_uart.o
 .text.UART_Transmit_IT
                0x08006006       0x9e ./Drivers/STM32F1xx_HAL_Driver/Src/stm32f1xx_hal_uart.o
 .text.UART_EndTransmit_IT
                0x080060a4       0x30 ./Drivers/STM32F1xx_HAL_Driver/Src/stm32f1xx_hal_uart.o
 .text.UART_Receive_IT
                0x080060d4      0x17c ./Drivers/STM32F1xx_HAL_Driver/Src/stm32f1xx_hal_uart.o
 .text.UART_SetConfig
                0x08006250      0x11c ./Drivers/STM32F1xx_HAL_Driver/Src/stm32f1xx_hal_uart.o
 .text.RTC_EnterInitMode
                0x0800636c       0x50 ./Lib/Src/addd_rtc.o
 .text.RTC_ExitInitMode
                0x080063bc       0x50 ./Lib/Src/addd_rtc.o
 .text.RTC_ReadTimeCounter
                0x0800640c       0x60 ./Lib/Src/addd_rtc.o
 .text.RTC_WriteTimeCounter
                0x0800646c       0x4e ./Lib/Src/addd_rtc.o
 *fill*         0x080064ba        0x2 
 .text.ADDD_RTC_SetTime
                0x080064bc       0x2c ./Lib/Src/addd_rtc.o
                0x080064bc                ADDD_RTC_SetTime
 .text.ADDD_RTC_GetTime
                0x080064e8       0x30 ./Lib/Src/addd_rtc.o
                0x080064e8                ADDD_RTC_GetTime
 .text.ADDD_RTC_Init
                0x08006518       0x6c ./Lib/Src/addd_rtc.o
                0x08006518                ADDD_RTC_Init
 .text.TimeToBLE
                0x08006584       0x2c ./Lib/Src/blt.o
                0x08006584                TimeToBLE
 .text.MapBluetoothToPhysicalKey
                0x080065b0       0x26 ./Lib/Src/blt.o
 *fill*         0x080065d6        0x2 
 .text.HAL_UART_RxCpltCallback
                0x080065d8       0x48 ./Lib/Src/blt.o
                0x080065d8                HAL_UART_RxCpltCallback
 .text.Bluetooth_Init
                0x08006620       0x20 ./Lib/Src/blt.o
                0x08006620                Bluetooth_Init
 .text.buzz     0x08006640       0x3c ./Lib/Src/buzzer.o
                0x08006640                buzz
 .text.LCD_Delay
                0x0800667c       0x48 ./Lib/Src/lcd1602.o
 .text.LCD_WriteCommand
                0x080066c4       0xf8 ./Lib/Src/lcd1602.o
 .text.LCD_WriteData
                0x080067bc       0xf8 ./Lib/Src/lcd1602.o
 .text.LCD_Init
                0x080068b4       0xcc ./Lib/Src/lcd1602.o
                0x080068b4                LCD_Init
 .text.LCD_Clear
                0x08006980       0x14 ./Lib/Src/lcd1602.o
                0x08006980                LCD_Clear
 .text.LCD_SetCursor
                0x08006994       0x34 ./Lib/Src/lcd1602.o
                0x08006994                LCD_SetCursor
 .text.LCD_WriteString
                0x080069c8       0x2a ./Lib/Src/lcd1602.o
                0x080069c8                LCD_WriteString
 .text.LCD_WriteChar
                0x080069f2       0x1a ./Lib/Src/lcd1602.o
                0x080069f2                LCD_WriteChar
 .text.LCD_DisplayControl
                0x08006a0c       0x50 ./Lib/Src/lcd1602.o
                0x08006a0c                LCD_DisplayControl
 .text.LCD_CreateChar
                0x08006a5c       0x50 ./Lib/Src/lcd1602.o
                0x08006a5c                LCD_CreateChar
 .text.Led      0x08006aac       0x30 ./Lib/Src/led.o
                0x08006aac                Led
 .text.RowInit  0x08006adc      0x100 ./Lib/Src/matbtn.o
                0x08006adc                RowInit
 .text.GetKeyVal
                0x08006bdc       0xa8 ./Lib/Src/matbtn.o
                0x08006bdc                GetKeyVal
 .text.KeyScan  0x08006c84       0x70 ./Lib/Src/matbtn.o
                0x08006c84                KeyScan
 .text.SetBluetoothCommand
                0x08006cf4       0x34 ./Lib/Src/matbtn.o
                0x08006cf4                SetBluetoothCommand
 .text.GetButtonAction
                0x08006d28       0xb4 ./Lib/Src/matbtn.o
                0x08006d28                GetButtonAction
 .text.std      0x08006ddc       0x6c E:/ST/STM32CubeIDE_1.19.0/STM32CubeIDE/plugins/com.st.stm32cube.ide.mcu.externaltools.gnu-tools-for-stm32.13.3.rel1.win32_1.0.0.202411081344/tools/bin/../lib/gcc/arm-none-eabi/13.3.1/../../../../arm-none-eabi/lib/thumb/v7-m/nofp\libc_nano.a(libc_a-findfp.o)
 .text.stdio_exit_handler
                0x08006e48       0x18 E:/ST/STM32CubeIDE_1.19.0/STM32CubeIDE/plugins/com.st.stm32cube.ide.mcu.externaltools.gnu-tools-for-stm32.13.3.rel1.win32_1.0.0.202411081344/tools/bin/../lib/gcc/arm-none-eabi/13.3.1/../../../../arm-none-eabi/lib/thumb/v7-m/nofp\libc_nano.a(libc_a-findfp.o)
 .text.cleanup_stdio
                0x08006e60       0x40 E:/ST/STM32CubeIDE_1.19.0/STM32CubeIDE/plugins/com.st.stm32cube.ide.mcu.externaltools.gnu-tools-for-stm32.13.3.rel1.win32_1.0.0.202411081344/tools/bin/../lib/gcc/arm-none-eabi/13.3.1/../../../../arm-none-eabi/lib/thumb/v7-m/nofp\libc_nano.a(libc_a-findfp.o)
 .text.global_stdio_init.part.0
                0x08006ea0       0x3c E:/ST/STM32CubeIDE_1.19.0/STM32CubeIDE/plugins/com.st.stm32cube.ide.mcu.externaltools.gnu-tools-for-stm32.13.3.rel1.win32_1.0.0.202411081344/tools/bin/../lib/gcc/arm-none-eabi/13.3.1/../../../../arm-none-eabi/lib/thumb/v7-m/nofp\libc_nano.a(libc_a-findfp.o)
 .text.__sfp_lock_acquire
                0x08006edc        0xc E:/ST/STM32CubeIDE_1.19.0/STM32CubeIDE/plugins/com.st.stm32cube.ide.mcu.externaltools.gnu-tools-for-stm32.13.3.rel1.win32_1.0.0.202411081344/tools/bin/../lib/gcc/arm-none-eabi/13.3.1/../../../../arm-none-eabi/lib/thumb/v7-m/nofp\libc_nano.a(libc_a-findfp.o)
                0x08006edc                __sfp_lock_acquire
 .text.__sfp_lock_release
                0x08006ee8        0xc E:/ST/STM32CubeIDE_1.19.0/STM32CubeIDE/plugins/com.st.stm32cube.ide.mcu.externaltools.gnu-tools-for-stm32.13.3.rel1.win32_1.0.0.202411081344/tools/bin/../lib/gcc/arm-none-eabi/13.3.1/../../../../arm-none-eabi/lib/thumb/v7-m/nofp\libc_nano.a(libc_a-findfp.o)
                0x08006ee8                __sfp_lock_release
 .text.__sinit  0x08006ef4       0x30 E:/ST/STM32CubeIDE_1.19.0/STM32CubeIDE/plugins/com.st.stm32cube.ide.mcu.externaltools.gnu-tools-for-stm32.13.3.rel1.win32_1.0.0.202411081344/tools/bin/../lib/gcc/arm-none-eabi/13.3.1/../../../../arm-none-eabi/lib/thumb/v7-m/nofp\libc_nano.a(libc_a-findfp.o)
                0x08006ef4                __sinit
 .text._fwalk_sglue
                0x08006f24       0x3c E:/ST/STM32CubeIDE_1.19.0/STM32CubeIDE/plugins/com.st.stm32cube.ide.mcu.externaltools.gnu-tools-for-stm32.13.3.rel1.win32_1.0.0.202411081344/tools/bin/../lib/gcc/arm-none-eabi/13.3.1/../../../../arm-none-eabi/lib/thumb/v7-m/nofp\libc_nano.a(libc_a-fwalk.o)
                0x08006f24                _fwalk_sglue
 .text.snprintf
                0x08006f60       0x6c E:/ST/STM32CubeIDE_1.19.0/STM32CubeIDE/plugins/com.st.stm32cube.ide.mcu.externaltools.gnu-tools-for-stm32.13.3.rel1.win32_1.0.0.202411081344/tools/bin/../lib/gcc/arm-none-eabi/13.3.1/../../../../arm-none-eabi/lib/thumb/v7-m/nofp\libc_nano.a(libc_a-snprintf.o)
                0x08006f60                sniprintf
                0x08006f60                snprintf
 .text.sprintf  0x08006fcc       0x44 E:/ST/STM32CubeIDE_1.19.0/STM32CubeIDE/plugins/com.st.stm32cube.ide.mcu.externaltools.gnu-tools-for-stm32.13.3.rel1.win32_1.0.0.202411081344/tools/bin/../lib/gcc/arm-none-eabi/13.3.1/../../../../arm-none-eabi/lib/thumb/v7-m/nofp\libc_nano.a(libc_a-sprintf.o)
                0x08006fcc                siprintf
                0x08006fcc                sprintf
 .text.__sread  0x08007010       0x22 E:/ST/STM32CubeIDE_1.19.0/STM32CubeIDE/plugins/com.st.stm32cube.ide.mcu.externaltools.gnu-tools-for-stm32.13.3.rel1.win32_1.0.0.202411081344/tools/bin/../lib/gcc/arm-none-eabi/13.3.1/../../../../arm-none-eabi/lib/thumb/v7-m/nofp\libc_nano.a(libc_a-stdio.o)
                0x08007010                __sread
 .text.__seofread
                0x08007032        0x4 E:/ST/STM32CubeIDE_1.19.0/STM32CubeIDE/plugins/com.st.stm32cube.ide.mcu.externaltools.gnu-tools-for-stm32.13.3.rel1.win32_1.0.0.202411081344/tools/bin/../lib/gcc/arm-none-eabi/13.3.1/../../../../arm-none-eabi/lib/thumb/v7-m/nofp\libc_nano.a(libc_a-stdio.o)
                0x08007032                __seofread
 .text.__swrite
                0x08007036       0x38 E:/ST/STM32CubeIDE_1.19.0/STM32CubeIDE/plugins/com.st.stm32cube.ide.mcu.externaltools.gnu-tools-for-stm32.13.3.rel1.win32_1.0.0.202411081344/tools/bin/../lib/gcc/arm-none-eabi/13.3.1/../../../../arm-none-eabi/lib/thumb/v7-m/nofp\libc_nano.a(libc_a-stdio.o)
                0x08007036                __swrite
 .text.__sseek  0x0800706e       0x24 E:/ST/STM32CubeIDE_1.19.0/STM32CubeIDE/plugins/com.st.stm32cube.ide.mcu.externaltools.gnu-tools-for-stm32.13.3.rel1.win32_1.0.0.202411081344/tools/bin/../lib/gcc/arm-none-eabi/13.3.1/../../../../arm-none-eabi/lib/thumb/v7-m/nofp\libc_nano.a(libc_a-stdio.o)
                0x0800706e                __sseek
 .text.__sclose
                0x08007092        0x8 E:/ST/STM32CubeIDE_1.19.0/STM32CubeIDE/plugins/com.st.stm32cube.ide.mcu.externaltools.gnu-tools-for-stm32.13.3.rel1.win32_1.0.0.202411081344/tools/bin/../lib/gcc/arm-none-eabi/13.3.1/../../../../arm-none-eabi/lib/thumb/v7-m/nofp\libc_nano.a(libc_a-stdio.o)
                0x08007092                __sclose
 .text.memset   0x0800709a       0x10 E:/ST/STM32CubeIDE_1.19.0/STM32CubeIDE/plugins/com.st.stm32cube.ide.mcu.externaltools.gnu-tools-for-stm32.13.3.rel1.win32_1.0.0.202411081344/tools/bin/../lib/gcc/arm-none-eabi/13.3.1/../../../../arm-none-eabi/lib/thumb/v7-m/nofp\libc_nano.a(libc_a-memset.o)
                0x0800709a                memset
 .text.strncat  0x080070aa       0x26 E:/ST/STM32CubeIDE_1.19.0/STM32CubeIDE/plugins/com.st.stm32cube.ide.mcu.externaltools.gnu-tools-for-stm32.13.3.rel1.win32_1.0.0.202411081344/tools/bin/../lib/gcc/arm-none-eabi/13.3.1/../../../../arm-none-eabi/lib/thumb/v7-m/nofp\libc_nano.a(libc_a-strncat.o)
                0x080070aa                strncat
 .text.strncpy  0x080070d0       0x26 E:/ST/STM32CubeIDE_1.19.0/STM32CubeIDE/plugins/com.st.stm32cube.ide.mcu.externaltools.gnu-tools-for-stm32.13.3.rel1.win32_1.0.0.202411081344/tools/bin/../lib/gcc/arm-none-eabi/13.3.1/../../../../arm-none-eabi/lib/thumb/v7-m/nofp\libc_nano.a(libc_a-strncpy.o)
                0x080070d0                strncpy
 *fill*         0x080070f6        0x2 
 .text.gmtime   0x080070f8       0x3c E:/ST/STM32CubeIDE_1.19.0/STM32CubeIDE/plugins/com.st.stm32cube.ide.mcu.externaltools.gnu-tools-for-stm32.13.3.rel1.win32_1.0.0.202411081344/tools/bin/../lib/gcc/arm-none-eabi/13.3.1/../../../../arm-none-eabi/lib/thumb/v7-m/nofp\libc_nano.a(libc_a-gmtime.o)
                0x080070f8                gmtime
 .text.gmtime_r
                0x08007134      0x150 E:/ST/STM32CubeIDE_1.19.0/STM32CubeIDE/plugins/com.st.stm32cube.ide.mcu.externaltools.gnu-tools-for-stm32.13.3.rel1.win32_1.0.0.202411081344/tools/bin/../lib/gcc/arm-none-eabi/13.3.1/../../../../arm-none-eabi/lib/thumb/v7-m/nofp\libc_nano.a(libc_a-gmtime_r.o)
                0x08007134                gmtime_r
 .text.validate_structure
                0x08007284      0x1a8 E:/ST/STM32CubeIDE_1.19.0/STM32CubeIDE/plugins/com.st.stm32cube.ide.mcu.externaltools.gnu-tools-for-stm32.13.3.rel1.win32_1.0.0.202411081344/tools/bin/../lib/gcc/arm-none-eabi/13.3.1/../../../../arm-none-eabi/lib/thumb/v7-m/nofp\libc_nano.a(libc_a-mktime.o)
 .text.mktime   0x0800742c      0x370 E:/ST/STM32CubeIDE_1.19.0/STM32CubeIDE/plugins/com.st.stm32cube.ide.mcu.externaltools.gnu-tools-for-stm32.13.3.rel1.win32_1.0.0.202411081344/tools/bin/../lib/gcc/arm-none-eabi/13.3.1/../../../../arm-none-eabi/lib/thumb/v7-m/nofp\libc_nano.a(libc_a-mktime.o)
                0x0800742c                mktime
 .text.__tzcalc_limits
                0x0800779c      0x164 E:/ST/STM32CubeIDE_1.19.0/STM32CubeIDE/plugins/com.st.stm32cube.ide.mcu.externaltools.gnu-tools-for-stm32.13.3.rel1.win32_1.0.0.202411081344/tools/bin/../lib/gcc/arm-none-eabi/13.3.1/../../../../arm-none-eabi/lib/thumb/v7-m/nofp\libc_nano.a(libc_a-tzcalc_limits.o)
                0x0800779c                __tzcalc_limits
 .text.__tz_lock
                0x08007900        0xc E:/ST/STM32CubeIDE_1.19.0/STM32CubeIDE/plugins/com.st.stm32cube.ide.mcu.externaltools.gnu-tools-for-stm32.13.3.rel1.win32_1.0.0.202411081344/tools/bin/../lib/gcc/arm-none-eabi/13.3.1/../../../../arm-none-eabi/lib/thumb/v7-m/nofp\libc_nano.a(libc_a-tzlock.o)
                0x08007900                __tz_lock
 .text.__tz_unlock
                0x0800790c        0xc E:/ST/STM32CubeIDE_1.19.0/STM32CubeIDE/plugins/com.st.stm32cube.ide.mcu.externaltools.gnu-tools-for-stm32.13.3.rel1.win32_1.0.0.202411081344/tools/bin/../lib/gcc/arm-none-eabi/13.3.1/../../../../arm-none-eabi/lib/thumb/v7-m/nofp\libc_nano.a(libc_a-tzlock.o)
                0x0800790c                __tz_unlock
 .text._tzset_unlocked
                0x08007918        0xc E:/ST/STM32CubeIDE_1.19.0/STM32CubeIDE/plugins/com.st.stm32cube.ide.mcu.externaltools.gnu-tools-for-stm32.13.3.rel1.win32_1.0.0.202411081344/tools/bin/../lib/gcc/arm-none-eabi/13.3.1/../../../../arm-none-eabi/lib/thumb/v7-m/nofp\libc_nano.a(libc_a-tzset.o)
                0x08007918                _tzset_unlocked
 .text._tzset_unlocked_r
                0x08007924      0x448 E:/ST/STM32CubeIDE_1.19.0/STM32CubeIDE/plugins/com.st.stm32cube.ide.mcu.externaltools.gnu-tools-for-stm32.13.3.rel1.win32_1.0.0.202411081344/tools/bin/../lib/gcc/arm-none-eabi/13.3.1/../../../../arm-none-eabi/lib/thumb/v7-m/nofp\libc_nano.a(libc_a-tzset_r.o)
                0x08007924                _tzset_unlocked_r
 .text._close_r
                0x08007d6c       0x20 E:/ST/STM32CubeIDE_1.19.0/STM32CubeIDE/plugins/com.st.stm32cube.ide.mcu.externaltools.gnu-tools-for-stm32.13.3.rel1.win32_1.0.0.202411081344/tools/bin/../lib/gcc/arm-none-eabi/13.3.1/../../../../arm-none-eabi/lib/thumb/v7-m/nofp\libc_nano.a(libc_a-closer.o)
                0x08007d6c                _close_r
 .text._lseek_r
                0x08007d8c       0x24 E:/ST/STM32CubeIDE_1.19.0/STM32CubeIDE/plugins/com.st.stm32cube.ide.mcu.externaltools.gnu-tools-for-stm32.13.3.rel1.win32_1.0.0.202411081344/tools/bin/../lib/gcc/arm-none-eabi/13.3.1/../../../../arm-none-eabi/lib/thumb/v7-m/nofp\libc_nano.a(libc_a-lseekr.o)
                0x08007d8c                _lseek_r
 .text._read_r  0x08007db0       0x24 E:/ST/STM32CubeIDE_1.19.0/STM32CubeIDE/plugins/com.st.stm32cube.ide.mcu.externaltools.gnu-tools-for-stm32.13.3.rel1.win32_1.0.0.202411081344/tools/bin/../lib/gcc/arm-none-eabi/13.3.1/../../../../arm-none-eabi/lib/thumb/v7-m/nofp\libc_nano.a(libc_a-readr.o)
                0x08007db0                _read_r
 .text._write_r
                0x08007dd4       0x24 E:/ST/STM32CubeIDE_1.19.0/STM32CubeIDE/plugins/com.st.stm32cube.ide.mcu.externaltools.gnu-tools-for-stm32.13.3.rel1.win32_1.0.0.202411081344/tools/bin/../lib/gcc/arm-none-eabi/13.3.1/../../../../arm-none-eabi/lib/thumb/v7-m/nofp\libc_nano.a(libc_a-writer.o)
                0x08007dd4                _write_r
 .text.__errno  0x08007df8        0xc E:/ST/STM32CubeIDE_1.19.0/STM32CubeIDE/plugins/com.st.stm32cube.ide.mcu.externaltools.gnu-tools-for-stm32.13.3.rel1.win32_1.0.0.202411081344/tools/bin/../lib/gcc/arm-none-eabi/13.3.1/../../../../arm-none-eabi/lib/thumb/v7-m/nofp\libc_nano.a(libc_a-errno.o)
                0x08007df8                __errno
 .text.__libc_init_array
                0x08007e04       0x48 E:/ST/STM32CubeIDE_1.19.0/STM32CubeIDE/plugins/com.st.stm32cube.ide.mcu.externaltools.gnu-tools-for-stm32.13.3.rel1.win32_1.0.0.202411081344/tools/bin/../lib/gcc/arm-none-eabi/13.3.1/../../../../arm-none-eabi/lib/thumb/v7-m/nofp\libc_nano.a(libc_a-init.o)
                0x08007e04                __libc_init_array
 .text.__retarget_lock_init_recursive
                0x08007e4c        0x2 E:/ST/STM32CubeIDE_1.19.0/STM32CubeIDE/plugins/com.st.stm32cube.ide.mcu.externaltools.gnu-tools-for-stm32.13.3.rel1.win32_1.0.0.202411081344/tools/bin/../lib/gcc/arm-none-eabi/13.3.1/../../../../arm-none-eabi/lib/thumb/v7-m/nofp\libc_nano.a(libc_a-lock.o)
                0x08007e4c                __retarget_lock_init_recursive
 .text.__retarget_lock_acquire
                0x08007e4e        0x2 E:/ST/STM32CubeIDE_1.19.0/STM32CubeIDE/plugins/com.st.stm32cube.ide.mcu.externaltools.gnu-tools-for-stm32.13.3.rel1.win32_1.0.0.202411081344/tools/bin/../lib/gcc/arm-none-eabi/13.3.1/../../../../arm-none-eabi/lib/thumb/v7-m/nofp\libc_nano.a(libc_a-lock.o)
                0x08007e4e                __retarget_lock_acquire
 .text.__retarget_lock_acquire_recursive
                0x08007e50        0x2 E:/ST/STM32CubeIDE_1.19.0/STM32CubeIDE/plugins/com.st.stm32cube.ide.mcu.externaltools.gnu-tools-for-stm32.13.3.rel1.win32_1.0.0.202411081344/tools/bin/../lib/gcc/arm-none-eabi/13.3.1/../../../../arm-none-eabi/lib/thumb/v7-m/nofp\libc_nano.a(libc_a-lock.o)
                0x08007e50                __retarget_lock_acquire_recursive
 .text.__retarget_lock_release
                0x08007e52        0x2 E:/ST/STM32CubeIDE_1.19.0/STM32CubeIDE/plugins/com.st.stm32cube.ide.mcu.externaltools.gnu-tools-for-stm32.13.3.rel1.win32_1.0.0.202411081344/tools/bin/../lib/gcc/arm-none-eabi/13.3.1/../../../../arm-none-eabi/lib/thumb/v7-m/nofp\libc_nano.a(libc_a-lock.o)
                0x08007e52                __retarget_lock_release
 .text.__retarget_lock_release_recursive
                0x08007e54        0x2 E:/ST/STM32CubeIDE_1.19.0/STM32CubeIDE/plugins/com.st.stm32cube.ide.mcu.externaltools.gnu-tools-for-stm32.13.3.rel1.win32_1.0.0.202411081344/tools/bin/../lib/gcc/arm-none-eabi/13.3.1/../../../../arm-none-eabi/lib/thumb/v7-m/nofp\libc_nano.a(libc_a-lock.o)
                0x08007e54                __retarget_lock_release_recursive
 .text.strcpy   0x08007e56       0x10 E:/ST/STM32CubeIDE_1.19.0/STM32CubeIDE/plugins/com.st.stm32cube.ide.mcu.externaltools.gnu-tools-for-stm32.13.3.rel1.win32_1.0.0.202411081344/tools/bin/../lib/gcc/arm-none-eabi/13.3.1/../../../../arm-none-eabi/lib/thumb/v7-m/nofp\libc_nano.a(libc_a-strcpy.o)
                0x08007e56                strcpy
 *fill*         0x08007e66        0x2 
 .text.__assert_func
                0x08007e68       0x3c E:/ST/STM32CubeIDE_1.19.0/STM32CubeIDE/plugins/com.st.stm32cube.ide.mcu.externaltools.gnu-tools-for-stm32.13.3.rel1.win32_1.0.0.202411081344/tools/bin/../lib/gcc/arm-none-eabi/13.3.1/../../../../arm-none-eabi/lib/thumb/v7-m/nofp\libc_nano.a(libc_a-assert.o)
                0x08007e68                __assert_func
 .text.div      0x08007ea4       0x10 E:/ST/STM32CubeIDE_1.19.0/STM32CubeIDE/plugins/com.st.stm32cube.ide.mcu.externaltools.gnu-tools-for-stm32.13.3.rel1.win32_1.0.0.202411081344/tools/bin/../lib/gcc/arm-none-eabi/13.3.1/../../../../arm-none-eabi/lib/thumb/v7-m/nofp\libc_nano.a(libc_a-div.o)
                0x08007ea4                div
 .text._free_r  0x08007eb4       0x90 E:/ST/STM32CubeIDE_1.19.0/STM32CubeIDE/plugins/com.st.stm32cube.ide.mcu.externaltools.gnu-tools-for-stm32.13.3.rel1.win32_1.0.0.202411081344/tools/bin/../lib/gcc/arm-none-eabi/13.3.1/../../../../arm-none-eabi/lib/thumb/v7-m/nofp\libc_nano.a(libc_a-freer.o)
                0x08007eb4                _free_r
 .text._findenv_r
                0x08007f44       0x78 E:/ST/STM32CubeIDE_1.19.0/STM32CubeIDE/plugins/com.st.stm32cube.ide.mcu.externaltools.gnu-tools-for-stm32.13.3.rel1.win32_1.0.0.202411081344/tools/bin/../lib/gcc/arm-none-eabi/13.3.1/../../../../arm-none-eabi/lib/thumb/v7-m/nofp\libc_nano.a(libc_a-getenv_r.o)
                0x08007f44                _findenv_r
 .text._getenv_r
                0x08007fbc        0xe E:/ST/STM32CubeIDE_1.19.0/STM32CubeIDE/plugins/com.st.stm32cube.ide.mcu.externaltools.gnu-tools-for-stm32.13.3.rel1.win32_1.0.0.202411081344/tools/bin/../lib/gcc/arm-none-eabi/13.3.1/../../../../arm-none-eabi/lib/thumb/v7-m/nofp\libc_nano.a(libc_a-getenv_r.o)
                0x08007fbc                _getenv_r
 *fill*         0x08007fca        0x2 
 .text.malloc   0x08007fcc       0x10 E:/ST/STM32CubeIDE_1.19.0/STM32CubeIDE/plugins/com.st.stm32cube.ide.mcu.externaltools.gnu-tools-for-stm32.13.3.rel1.win32_1.0.0.202411081344/tools/bin/../lib/gcc/arm-none-eabi/13.3.1/../../../../arm-none-eabi/lib/thumb/v7-m/nofp\libc_nano.a(libc_a-malloc.o)
                0x08007fcc                malloc
 .text.free     0x08007fdc       0x10 E:/ST/STM32CubeIDE_1.19.0/STM32CubeIDE/plugins/com.st.stm32cube.ide.mcu.externaltools.gnu-tools-for-stm32.13.3.rel1.win32_1.0.0.202411081344/tools/bin/../lib/gcc/arm-none-eabi/13.3.1/../../../../arm-none-eabi/lib/thumb/v7-m/nofp\libc_nano.a(libc_a-malloc.o)
                0x08007fdc                free
 .text.sbrk_aligned
                0x08007fec       0x44 E:/ST/STM32CubeIDE_1.19.0/STM32CubeIDE/plugins/com.st.stm32cube.ide.mcu.externaltools.gnu-tools-for-stm32.13.3.rel1.win32_1.0.0.202411081344/tools/bin/../lib/gcc/arm-none-eabi/13.3.1/../../../../arm-none-eabi/lib/thumb/v7-m/nofp\libc_nano.a(libc_a-mallocr.o)
 .text._malloc_r
                0x08008030      0x100 E:/ST/STM32CubeIDE_1.19.0/STM32CubeIDE/plugins/com.st.stm32cube.ide.mcu.externaltools.gnu-tools-for-stm32.13.3.rel1.win32_1.0.0.202411081344/tools/bin/../lib/gcc/arm-none-eabi/13.3.1/../../../../arm-none-eabi/lib/thumb/v7-m/nofp\libc_nano.a(libc_a-mallocr.o)
                0x08008030                _malloc_r
 .text.__malloc_lock
                0x08008130        0xc E:/ST/STM32CubeIDE_1.19.0/STM32CubeIDE/plugins/com.st.stm32cube.ide.mcu.externaltools.gnu-tools-for-stm32.13.3.rel1.win32_1.0.0.202411081344/tools/bin/../lib/gcc/arm-none-eabi/13.3.1/../../../../arm-none-eabi/lib/thumb/v7-m/nofp\libc_nano.a(libc_a-mlock.o)
                0x08008130                __malloc_lock
 .text.__malloc_unlock
                0x0800813c        0xc E:/ST/STM32CubeIDE_1.19.0/STM32CubeIDE/plugins/com.st.stm32cube.ide.mcu.externaltools.gnu-tools-for-stm32.13.3.rel1.win32_1.0.0.202411081344/tools/bin/../lib/gcc/arm-none-eabi/13.3.1/../../../../arm-none-eabi/lib/thumb/v7-m/nofp\libc_nano.a(libc_a-mlock.o)
                0x0800813c                __malloc_unlock
 .text._strtoul_l.isra.0
                0x08008148       0xdc E:/ST/STM32CubeIDE_1.19.0/STM32CubeIDE/plugins/com.st.stm32cube.ide.mcu.externaltools.gnu-tools-for-stm32.13.3.rel1.win32_1.0.0.202411081344/tools/bin/../lib/gcc/arm-none-eabi/13.3.1/../../../../arm-none-eabi/lib/thumb/v7-m/nofp\libc_nano.a(libc_a-strtoul.o)
 .text._strtoul_r
                0x08008224        0x4 E:/ST/STM32CubeIDE_1.19.0/STM32CubeIDE/plugins/com.st.stm32cube.ide.mcu.externaltools.gnu-tools-for-stm32.13.3.rel1.win32_1.0.0.202411081344/tools/bin/../lib/gcc/arm-none-eabi/13.3.1/../../../../arm-none-eabi/lib/thumb/v7-m/nofp\libc_nano.a(libc_a-strtoul.o)
                0x08008224                _strtoul_r
 .text.strtoul  0x08008228       0x14 E:/ST/STM32CubeIDE_1.19.0/STM32CubeIDE/plugins/com.st.stm32cube.ide.mcu.externaltools.gnu-tools-for-stm32.13.3.rel1.win32_1.0.0.202411081344/tools/bin/../lib/gcc/arm-none-eabi/13.3.1/../../../../arm-none-eabi/lib/thumb/v7-m/nofp\libc_nano.a(libc_a-strtoul.o)
                0x08008228                strtoul
 .text.__ssputs_r
                0x0800823c       0xb6 E:/ST/STM32CubeIDE_1.19.0/STM32CubeIDE/plugins/com.st.stm32cube.ide.mcu.externaltools.gnu-tools-for-stm32.13.3.rel1.win32_1.0.0.202411081344/tools/bin/../lib/gcc/arm-none-eabi/13.3.1/../../../../arm-none-eabi/lib/thumb/v7-m/nofp\libc_nano.a(libc_a-nano-svfprintf.o)
                0x0800823c                __ssputs_r
 *fill*         0x080082f2        0x2 
 .text._svfprintf_r
                0x080082f4      0x1f8 E:/ST/STM32CubeIDE_1.19.0/STM32CubeIDE/plugins/com.st.stm32cube.ide.mcu.externaltools.gnu-tools-for-stm32.13.3.rel1.win32_1.0.0.202411081344/tools/bin/../lib/gcc/arm-none-eabi/13.3.1/../../../../arm-none-eabi/lib/thumb/v7-m/nofp\libc_nano.a(libc_a-nano-svfprintf.o)
                0x080082f4                _svfiprintf_r
                0x080082f4                _svfprintf_r
 .text._printf_common
                0x080084ec       0xe4 E:/ST/STM32CubeIDE_1.19.0/STM32CubeIDE/plugins/com.st.stm32cube.ide.mcu.externaltools.gnu-tools-for-stm32.13.3.rel1.win32_1.0.0.202411081344/tools/bin/../lib/gcc/arm-none-eabi/13.3.1/../../../../arm-none-eabi/lib/thumb/v7-m/nofp\libc_nano.a(libc_a-nano-vfprintf_i.o)
                0x080084ec                _printf_common
 .text._printf_i
                0x080085d0      0x23c E:/ST/STM32CubeIDE_1.19.0/STM32CubeIDE/plugins/com.st.stm32cube.ide.mcu.externaltools.gnu-tools-for-stm32.13.3.rel1.win32_1.0.0.202411081344/tools/bin/../lib/gcc/arm-none-eabi/13.3.1/../../../../arm-none-eabi/lib/thumb/v7-m/nofp\libc_nano.a(libc_a-nano-vfprintf_i.o)
                0x080085d0                _printf_i
 .text.__sflush_r
                0x0800880c      0x100 E:/ST/STM32CubeIDE_1.19.0/STM32CubeIDE/plugins/com.st.stm32cube.ide.mcu.externaltools.gnu-tools-for-stm32.13.3.rel1.win32_1.0.0.202411081344/tools/bin/../lib/gcc/arm-none-eabi/13.3.1/../../../../arm-none-eabi/lib/thumb/v7-m/nofp\libc_nano.a(libc_a-fflush.o)
                0x0800880c                __sflush_r
 .text._fflush_r
                0x0800890c       0x50 E:/ST/STM32CubeIDE_1.19.0/STM32CubeIDE/plugins/com.st.stm32cube.ide.mcu.externaltools.gnu-tools-for-stm32.13.3.rel1.win32_1.0.0.202411081344/tools/bin/../lib/gcc/arm-none-eabi/13.3.1/../../../../arm-none-eabi/lib/thumb/v7-m/nofp\libc_nano.a(libc_a-fflush.o)
                0x0800890c                _fflush_r
 .text.fprintf  0x0800895c       0x24 E:/ST/STM32CubeIDE_1.19.0/STM32CubeIDE/plugins/com.st.stm32cube.ide.mcu.externaltools.gnu-tools-for-stm32.13.3.rel1.win32_1.0.0.202411081344/tools/bin/../lib/gcc/arm-none-eabi/13.3.1/../../../../arm-none-eabi/lib/thumb/v7-m/nofp\libc_nano.a(libc_a-fprintf.o)
                0x0800895c                fiprintf
                0x0800895c                fprintf
 .text.sscanf   0x08008980       0x58 E:/ST/STM32CubeIDE_1.19.0/STM32CubeIDE/plugins/com.st.stm32cube.ide.mcu.externaltools.gnu-tools-for-stm32.13.3.rel1.win32_1.0.0.202411081344/tools/bin/../lib/gcc/arm-none-eabi/13.3.1/../../../../arm-none-eabi/lib/thumb/v7-m/nofp\libc_nano.a(libc_a-sscanf.o)
                0x08008980                siscanf
                0x08008980                sscanf
 .text.memmove  0x080089d8       0x34 E:/ST/STM32CubeIDE_1.19.0/STM32CubeIDE/plugins/com.st.stm32cube.ide.mcu.externaltools.gnu-tools-for-stm32.13.3.rel1.win32_1.0.0.202411081344/tools/bin/../lib/gcc/arm-none-eabi/13.3.1/../../../../arm-none-eabi/lib/thumb/v7-m/nofp\libc_nano.a(libc_a-memmove.o)
                0x080089d8                memmove
 .text.strncmp  0x08008a0c       0x24 E:/ST/STM32CubeIDE_1.19.0/STM32CubeIDE/plugins/com.st.stm32cube.ide.mcu.externaltools.gnu-tools-for-stm32.13.3.rel1.win32_1.0.0.202411081344/tools/bin/../lib/gcc/arm-none-eabi/13.3.1/../../../../arm-none-eabi/lib/thumb/v7-m/nofp\libc_nano.a(libc_a-strncmp.o)
                0x08008a0c                strncmp
 .text.__gettzinfo
                0x08008a30        0x8 E:/ST/STM32CubeIDE_1.19.0/STM32CubeIDE/plugins/com.st.stm32cube.ide.mcu.externaltools.gnu-tools-for-stm32.13.3.rel1.win32_1.0.0.202411081344/tools/bin/../lib/gcc/arm-none-eabi/13.3.1/../../../../arm-none-eabi/lib/thumb/v7-m/nofp\libc_nano.a(libc_a-gettzinfo.o)
                0x08008a30                __gettzinfo
 .text._sbrk_r  0x08008a38       0x20 E:/ST/STM32CubeIDE_1.19.0/STM32CubeIDE/plugins/com.st.stm32cube.ide.mcu.externaltools.gnu-tools-for-stm32.13.3.rel1.win32_1.0.0.202411081344/tools/bin/../lib/gcc/arm-none-eabi/13.3.1/../../../../arm-none-eabi/lib/thumb/v7-m/nofp\libc_nano.a(libc_a-sbrkr.o)
                0x08008a38                _sbrk_r
 .text.memchr   0x08008a58       0x1c E:/ST/STM32CubeIDE_1.19.0/STM32CubeIDE/plugins/com.st.stm32cube.ide.mcu.externaltools.gnu-tools-for-stm32.13.3.rel1.win32_1.0.0.202411081344/tools/bin/../lib/gcc/arm-none-eabi/13.3.1/../../../../arm-none-eabi/lib/thumb/v7-m/nofp\libc_nano.a(libc_a-memchr-stub.o)
                0x08008a58                memchr
 .text.memcpy   0x08008a74       0x1c E:/ST/STM32CubeIDE_1.19.0/STM32CubeIDE/plugins/com.st.stm32cube.ide.mcu.externaltools.gnu-tools-for-stm32.13.3.rel1.win32_1.0.0.202411081344/tools/bin/../lib/gcc/arm-none-eabi/13.3.1/../../../../arm-none-eabi/lib/thumb/v7-m/nofp\libc_nano.a(libc_a-memcpy-stub.o)
                0x08008a74                memcpy
 .text.abort    0x08008a90        0xe E:/ST/STM32CubeIDE_1.19.0/STM32CubeIDE/plugins/com.st.stm32cube.ide.mcu.externaltools.gnu-tools-for-stm32.13.3.rel1.win32_1.0.0.202411081344/tools/bin/../lib/gcc/arm-none-eabi/13.3.1/../../../../arm-none-eabi/lib/thumb/v7-m/nofp\libc_nano.a(libc_a-abort.o)
                0x08008a90                abort
 *fill*         0x08008a9e        0x2 
 .text.__env_lock
                0x08008aa0        0xc E:/ST/STM32CubeIDE_1.19.0/STM32CubeIDE/plugins/com.st.stm32cube.ide.mcu.externaltools.gnu-tools-for-stm32.13.3.rel1.win32_1.0.0.202411081344/tools/bin/../lib/gcc/arm-none-eabi/13.3.1/../../../../arm-none-eabi/lib/thumb/v7-m/nofp\libc_nano.a(libc_a-envlock.o)
                0x08008aa0                __env_lock
 .text.__env_unlock
                0x08008aac        0xc E:/ST/STM32CubeIDE_1.19.0/STM32CubeIDE/plugins/com.st.stm32cube.ide.mcu.externaltools.gnu-tools-for-stm32.13.3.rel1.win32_1.0.0.202411081344/tools/bin/../lib/gcc/arm-none-eabi/13.3.1/../../../../arm-none-eabi/lib/thumb/v7-m/nofp\libc_nano.a(libc_a-envlock.o)
                0x08008aac                __env_unlock
 .text._realloc_r
                0x08008ab8       0x5c E:/ST/STM32CubeIDE_1.19.0/STM32CubeIDE/plugins/com.st.stm32cube.ide.mcu.externaltools.gnu-tools-for-stm32.13.3.rel1.win32_1.0.0.202411081344/tools/bin/../lib/gcc/arm-none-eabi/13.3.1/../../../../arm-none-eabi/lib/thumb/v7-m/nofp\libc_nano.a(libc_a-reallocr.o)
                0x08008ab8                _realloc_r
 .text._sungetc_r
                0x08008b14       0x7a E:/ST/STM32CubeIDE_1.19.0/STM32CubeIDE/plugins/com.st.stm32cube.ide.mcu.externaltools.gnu-tools-for-stm32.13.3.rel1.win32_1.0.0.202411081344/tools/bin/../lib/gcc/arm-none-eabi/13.3.1/../../../../arm-none-eabi/lib/thumb/v7-m/nofp\libc_nano.a(libc_a-nano-svfscanf.o)
                0x08008b14                _sungetc_r
 .text.__ssrefill_r
                0x08008b8e       0x3a E:/ST/STM32CubeIDE_1.19.0/STM32CubeIDE/plugins/com.st.stm32cube.ide.mcu.externaltools.gnu-tools-for-stm32.13.3.rel1.win32_1.0.0.202411081344/tools/bin/../lib/gcc/arm-none-eabi/13.3.1/../../../../arm-none-eabi/lib/thumb/v7-m/nofp\libc_nano.a(libc_a-nano-svfscanf.o)
                0x08008b8e                __ssrefill_r
 .text.__ssvfscanf_r
                0x08008bc8      0x2e8 E:/ST/STM32CubeIDE_1.19.0/STM32CubeIDE/plugins/com.st.stm32cube.ide.mcu.externaltools.gnu-tools-for-stm32.13.3.rel1.win32_1.0.0.202411081344/tools/bin/../lib/gcc/arm-none-eabi/13.3.1/../../../../arm-none-eabi/lib/thumb/v7-m/nofp\libc_nano.a(libc_a-nano-svfscanf.o)
                0x08008bc8                __ssvfiscanf_r
                0x08008bc8                __ssvfscanf_r
 .text.__sfputc_r
                0x08008eb0       0x2a E:/ST/STM32CubeIDE_1.19.0/STM32CubeIDE/plugins/com.st.stm32cube.ide.mcu.externaltools.gnu-tools-for-stm32.13.3.rel1.win32_1.0.0.202411081344/tools/bin/../lib/gcc/arm-none-eabi/13.3.1/../../../../arm-none-eabi/lib/thumb/v7-m/nofp\libc_nano.a(libc_a-nano-vfprintf.o)
 .text.__sfputs_r
                0x08008eda       0x24 E:/ST/STM32CubeIDE_1.19.0/STM32CubeIDE/plugins/com.st.stm32cube.ide.mcu.externaltools.gnu-tools-for-stm32.13.3.rel1.win32_1.0.0.202411081344/tools/bin/../lib/gcc/arm-none-eabi/13.3.1/../../../../arm-none-eabi/lib/thumb/v7-m/nofp\libc_nano.a(libc_a-nano-vfprintf.o)
                0x08008eda                __sfputs_r
 *fill*         0x08008efe        0x2 
 .text._vfprintf_r
                0x08008f00      0x230 E:/ST/STM32CubeIDE_1.19.0/STM32CubeIDE/plugins/com.st.stm32cube.ide.mcu.externaltools.gnu-tools-for-stm32.13.3.rel1.win32_1.0.0.202411081344/tools/bin/../lib/gcc/arm-none-eabi/13.3.1/../../../../arm-none-eabi/lib/thumb/v7-m/nofp\libc_nano.a(libc_a-nano-vfprintf.o)
                0x08008f00                _vfprintf_r
                0x08008f00                _vfiprintf_r
 .text._scanf_chars
                0x08009130       0xb4 E:/ST/STM32CubeIDE_1.19.0/STM32CubeIDE/plugins/com.st.stm32cube.ide.mcu.externaltools.gnu-tools-for-stm32.13.3.rel1.win32_1.0.0.202411081344/tools/bin/../lib/gcc/arm-none-eabi/13.3.1/../../../../arm-none-eabi/lib/thumb/v7-m/nofp\libc_nano.a(libc_a-nano-vfscanf_i.o)
                0x08009130                _scanf_chars
 .text._scanf_i
                0x080091e4      0x1e4 E:/ST/STM32CubeIDE_1.19.0/STM32CubeIDE/plugins/com.st.stm32cube.ide.mcu.externaltools.gnu-tools-for-stm32.13.3.rel1.win32_1.0.0.202411081344/tools/bin/../lib/gcc/arm-none-eabi/13.3.1/../../../../arm-none-eabi/lib/thumb/v7-m/nofp\libc_nano.a(libc_a-nano-vfscanf_i.o)
                0x080091e4                _scanf_i
 .text.__sccl   0x080093c8       0x72 E:/ST/STM32CubeIDE_1.19.0/STM32CubeIDE/plugins/com.st.stm32cube.ide.mcu.externaltools.gnu-tools-for-stm32.13.3.rel1.win32_1.0.0.202411081344/tools/bin/../lib/gcc/arm-none-eabi/13.3.1/../../../../arm-none-eabi/lib/thumb/v7-m/nofp\libc_nano.a(libc_a-sccl.o)
                0x080093c8                __sccl
 .text.__submore
                0x0800943a       0x70 E:/ST/STM32CubeIDE_1.19.0/STM32CubeIDE/plugins/com.st.stm32cube.ide.mcu.externaltools.gnu-tools-for-stm32.13.3.rel1.win32_1.0.0.202411081344/tools/bin/../lib/gcc/arm-none-eabi/13.3.1/../../../../arm-none-eabi/lib/thumb/v7-m/nofp\libc_nano.a(libc_a-ungetc.o)
                0x0800943a                __submore
 .text.__swbuf_r
                0x080094aa       0x7c E:/ST/STM32CubeIDE_1.19.0/STM32CubeIDE/plugins/com.st.stm32cube.ide.mcu.externaltools.gnu-tools-for-stm32.13.3.rel1.win32_1.0.0.202411081344/tools/bin/../lib/gcc/arm-none-eabi/13.3.1/../../../../arm-none-eabi/lib/thumb/v7-m/nofp\libc_nano.a(libc_a-wbuf.o)
                0x080094aa                __swbuf_r
 *fill*         0x08009526        0x2 
 .text.__swsetup_r
                0x08009528       0xac E:/ST/STM32CubeIDE_1.19.0/STM32CubeIDE/plugins/com.st.stm32cube.ide.mcu.externaltools.gnu-tools-for-stm32.13.3.rel1.win32_1.0.0.202411081344/tools/bin/../lib/gcc/arm-none-eabi/13.3.1/../../../../arm-none-eabi/lib/thumb/v7-m/nofp\libc_nano.a(libc_a-wsetup.o)
                0x08009528                __swsetup_r
 .text._raise_r
                0x080095d4       0x50 E:/ST/STM32CubeIDE_1.19.0/STM32CubeIDE/plugins/com.st.stm32cube.ide.mcu.externaltools.gnu-tools-for-stm32.13.3.rel1.win32_1.0.0.202411081344/tools/bin/../lib/gcc/arm-none-eabi/13.3.1/../../../../arm-none-eabi/lib/thumb/v7-m/nofp\libc_nano.a(libc_a-signal.o)
                0x080095d4                _raise_r
 .text.raise    0x08009624       0x10 E:/ST/STM32CubeIDE_1.19.0/STM32CubeIDE/plugins/com.st.stm32cube.ide.mcu.externaltools.gnu-tools-for-stm32.13.3.rel1.win32_1.0.0.202411081344/tools/bin/../lib/gcc/arm-none-eabi/13.3.1/../../../../arm-none-eabi/lib/thumb/v7-m/nofp\libc_nano.a(libc_a-signal.o)
                0x08009624                raise
 .text._kill_r  0x08009634       0x24 E:/ST/STM32CubeIDE_1.19.0/STM32CubeIDE/plugins/com.st.stm32cube.ide.mcu.externaltools.gnu-tools-for-stm32.13.3.rel1.win32_1.0.0.202411081344/tools/bin/../lib/gcc/arm-none-eabi/13.3.1/../../../../arm-none-eabi/lib/thumb/v7-m/nofp\libc_nano.a(libc_a-signalr.o)
                0x08009634                _kill_r
 .text._getpid_r
                0x08009658        0x4 E:/ST/STM32CubeIDE_1.19.0/STM32CubeIDE/plugins/com.st.stm32cube.ide.mcu.externaltools.gnu-tools-for-stm32.13.3.rel1.win32_1.0.0.202411081344/tools/bin/../lib/gcc/arm-none-eabi/13.3.1/../../../../arm-none-eabi/lib/thumb/v7-m/nofp\libc_nano.a(libc_a-signalr.o)
                0x08009658                _getpid_r
 .text._malloc_usable_size_r
                0x0800965c       0x10 E:/ST/STM32CubeIDE_1.19.0/STM32CubeIDE/plugins/com.st.stm32cube.ide.mcu.externaltools.gnu-tools-for-stm32.13.3.rel1.win32_1.0.0.202411081344/tools/bin/../lib/gcc/arm-none-eabi/13.3.1/../../../../arm-none-eabi/lib/thumb/v7-m/nofp\libc_nano.a(libc_a-msizer.o)
                0x0800965c                _malloc_usable_size_r
 .text._strtol_l.isra.0
                0x0800966c       0xf4 E:/ST/STM32CubeIDE_1.19.0/STM32CubeIDE/plugins/com.st.stm32cube.ide.mcu.externaltools.gnu-tools-for-stm32.13.3.rel1.win32_1.0.0.202411081344/tools/bin/../lib/gcc/arm-none-eabi/13.3.1/../../../../arm-none-eabi/lib/thumb/v7-m/nofp\libc_nano.a(libc_a-strtol.o)
 .text._strtol_r
                0x08009760        0x4 E:/ST/STM32CubeIDE_1.19.0/STM32CubeIDE/plugins/com.st.stm32cube.ide.mcu.externaltools.gnu-tools-for-stm32.13.3.rel1.win32_1.0.0.202411081344/tools/bin/../lib/gcc/arm-none-eabi/13.3.1/../../../../arm-none-eabi/lib/thumb/v7-m/nofp\libc_nano.a(libc_a-strtol.o)
                0x08009760                _strtol_r
 .text.__swhatbuf_r
                0x08009764       0x4a E:/ST/STM32CubeIDE_1.19.0/STM32CubeIDE/plugins/com.st.stm32cube.ide.mcu.externaltools.gnu-tools-for-stm32.13.3.rel1.win32_1.0.0.202411081344/tools/bin/../lib/gcc/arm-none-eabi/13.3.1/../../../../arm-none-eabi/lib/thumb/v7-m/nofp\libc_nano.a(libc_a-makebuf.o)
                0x08009764                __swhatbuf_r
 .text.__smakebuf_r
                0x080097ae       0x78 E:/ST/STM32CubeIDE_1.19.0/STM32CubeIDE/plugins/com.st.stm32cube.ide.mcu.externaltools.gnu-tools-for-stm32.13.3.rel1.win32_1.0.0.202411081344/tools/bin/../lib/gcc/arm-none-eabi/13.3.1/../../../../arm-none-eabi/lib/thumb/v7-m/nofp\libc_nano.a(libc_a-makebuf.o)
                0x080097ae                __smakebuf_r
 *fill*         0x08009826        0x2 
 .text._fstat_r
                0x08009828       0x24 E:/ST/STM32CubeIDE_1.19.0/STM32CubeIDE/plugins/com.st.stm32cube.ide.mcu.externaltools.gnu-tools-for-stm32.13.3.rel1.win32_1.0.0.202411081344/tools/bin/../lib/gcc/arm-none-eabi/13.3.1/../../../../arm-none-eabi/lib/thumb/v7-m/nofp\libc_nano.a(libc_a-fstatr.o)
                0x08009828                _fstat_r
 .text._isatty_r
                0x0800984c       0x20 E:/ST/STM32CubeIDE_1.19.0/STM32CubeIDE/plugins/com.st.stm32cube.ide.mcu.externaltools.gnu-tools-for-stm32.13.3.rel1.win32_1.0.0.202411081344/tools/bin/../lib/gcc/arm-none-eabi/13.3.1/../../../../arm-none-eabi/lib/thumb/v7-m/nofp\libc_nano.a(libc_a-isattyr.o)
                0x0800984c                _isatty_r
 *(.glue_7)
 .glue_7        0x0800986c        0x0 linker stubs
 *(.glue_7t)
 .glue_7t       0x0800986c        0x0 linker stubs
 *(.eh_frame)
 .eh_frame      0x0800986c        0x0 E:/ST/STM32CubeIDE_1.19.0/STM32CubeIDE/plugins/com.st.stm32cube.ide.mcu.externaltools.gnu-tools-for-stm32.13.3.rel1.win32_1.0.0.202411081344/tools/bin/../lib/gcc/arm-none-eabi/13.3.1/thumb/v7-m/nofp/crtbegin.o
 *(.init)
 .init          0x0800986c        0x4 E:/ST/STM32CubeIDE_1.19.0/STM32CubeIDE/plugins/com.st.stm32cube.ide.mcu.externaltools.gnu-tools-for-stm32.13.3.rel1.win32_1.0.0.202411081344/tools/bin/../lib/gcc/arm-none-eabi/13.3.1/thumb/v7-m/nofp/crti.o
                0x0800986c                _init
 .init          0x08009870        0x8 E:/ST/STM32CubeIDE_1.19.0/STM32CubeIDE/plugins/com.st.stm32cube.ide.mcu.externaltools.gnu-tools-for-stm32.13.3.rel1.win32_1.0.0.202411081344/tools/bin/../lib/gcc/arm-none-eabi/13.3.1/thumb/v7-m/nofp/crtn.o
 *(.fini)
 .fini          0x08009878        0x4 E:/ST/STM32CubeIDE_1.19.0/STM32CubeIDE/plugins/com.st.stm32cube.ide.mcu.externaltools.gnu-tools-for-stm32.13.3.rel1.win32_1.0.0.202411081344/tools/bin/../lib/gcc/arm-none-eabi/13.3.1/thumb/v7-m/nofp/crti.o
                0x08009878                _fini
 .fini          0x0800987c        0x8 E:/ST/STM32CubeIDE_1.19.0/STM32CubeIDE/plugins/com.st.stm32cube.ide.mcu.externaltools.gnu-tools-for-stm32.13.3.rel1.win32_1.0.0.202411081344/tools/bin/../lib/gcc/arm-none-eabi/13.3.1/thumb/v7-m/nofp/crtn.o
                0x08009884                        . = ALIGN (0x4)
                0x08009884                        _etext = .

.vfp11_veneer   0x08009884        0x0
 .vfp11_veneer  0x08009884        0x0 linker stubs

.v4_bx          0x08009884        0x0
 .v4_bx         0x08009884        0x0 linker stubs

.iplt           0x08009884        0x0
 .iplt          0x08009884        0x0 E:/ST/STM32CubeIDE_1.19.0/STM32CubeIDE/plugins/com.st.stm32cube.ide.mcu.externaltools.gnu-tools-for-stm32.13.3.rel1.win32_1.0.0.202411081344/tools/bin/../lib/gcc/arm-none-eabi/13.3.1/thumb/v7-m/nofp/crtbegin.o

.rodata         0x08009884      0x67c
                0x08009884                        . = ALIGN (0x4)
 *(.rodata)
 .rodata        0x08009884       0xf1 ./App/Src/alarm.o
 *fill*         0x08009975        0x3 
 .rodata        0x08009978      0x159 ./App/Src/get_time.o
 *fill*         0x08009ad1        0x3 
 .rodata        0x08009ad4       0x84 ./App/Src/timer.o
 .rodata        0x08009b58        0xc E:/ST/STM32CubeIDE_1.19.0/STM32CubeIDE/plugins/com.st.stm32cube.ide.mcu.externaltools.gnu-tools-for-stm32.13.3.rel1.win32_1.0.0.202411081344/tools/bin/../lib/gcc/arm-none-eabi/13.3.1/../../../../arm-none-eabi/lib/thumb/v7-m/nofp\libc_nano.a(libc_a-nano-vfscanf_i.o)
 *(.rodata*)
 .rodata.AHBPrescTable
                0x08009b64       0x10 ./Core/Src/system_stm32f1xx.o
                0x08009b64                AHBPrescTable
 .rodata.APBPrescTable
                0x08009b74        0x8 ./Core/Src/system_stm32f1xx.o
                0x08009b74                APBPrescTable
 .rodata.aPLLMULFactorTable.1
                0x08009b7c       0x10 ./Drivers/STM32F1xx_HAL_Driver/Src/stm32f1xx_hal_rcc.o
 .rodata.aPredivFactorTable.0
                0x08009b8c        0x2 ./Drivers/STM32F1xx_HAL_Driver/Src/stm32f1xx_hal_rcc.o
 *fill*         0x08009b8e        0x2 
 .rodata.aPLLMULFactorTable.1
                0x08009b90       0x10 ./Drivers/STM32F1xx_HAL_Driver/Src/stm32f1xx_hal_rcc_ex.o
 .rodata.aPredivFactorTable.0
                0x08009ba0        0x2 ./Drivers/STM32F1xx_HAL_Driver/Src/stm32f1xx_hal_rcc_ex.o
 *fill*         0x08009ba2        0x2 
 .rodata.key_mapping
                0x08009ba4       0x50 ./Lib/Src/matbtn.o
 .rodata.gmtime.str1.1
                0x08009bf4      0x147 E:/ST/STM32CubeIDE_1.19.0/STM32CubeIDE/plugins/com.st.stm32cube.ide.mcu.externaltools.gnu-tools-for-stm32.13.3.rel1.win32_1.0.0.202411081344/tools/bin/../lib/gcc/arm-none-eabi/13.3.1/../../../../arm-none-eabi/lib/thumb/v7-m/nofp\libc_nano.a(libc_a-gmtime.o)
                                 0x6f (size before relaxing)
 *fill*         0x08009d3b        0x1 
 .rodata._DAYS_BEFORE_MONTH
                0x08009d3c       0x30 E:/ST/STM32CubeIDE_1.19.0/STM32CubeIDE/plugins/com.st.stm32cube.ide.mcu.externaltools.gnu-tools-for-stm32.13.3.rel1.win32_1.0.0.202411081344/tools/bin/../lib/gcc/arm-none-eabi/13.3.1/../../../../arm-none-eabi/lib/thumb/v7-m/nofp\libc_nano.a(libc_a-mktime.o)
 .rodata.DAYS_IN_MONTH
                0x08009d6c       0x30 E:/ST/STM32CubeIDE_1.19.0/STM32CubeIDE/plugins/com.st.stm32cube.ide.mcu.externaltools.gnu-tools-for-stm32.13.3.rel1.win32_1.0.0.202411081344/tools/bin/../lib/gcc/arm-none-eabi/13.3.1/../../../../arm-none-eabi/lib/thumb/v7-m/nofp\libc_nano.a(libc_a-mktime.o)
 .rodata._tzset_unlocked_r.str1.1
                0x08009d9c       0x61 E:/ST/STM32CubeIDE_1.19.0/STM32CubeIDE/plugins/com.st.stm32cube.ide.mcu.externaltools.gnu-tools-for-stm32.13.3.rel1.win32_1.0.0.202411081344/tools/bin/../lib/gcc/arm-none-eabi/13.3.1/../../../../arm-none-eabi/lib/thumb/v7-m/nofp\libc_nano.a(libc_a-tzset_r.o)
 .rodata.str1.1
                0x08009d9c        0x4 E:/ST/STM32CubeIDE_1.19.0/STM32CubeIDE/plugins/com.st.stm32cube.ide.mcu.externaltools.gnu-tools-for-stm32.13.3.rel1.win32_1.0.0.202411081344/tools/bin/../lib/gcc/arm-none-eabi/13.3.1/../../../../arm-none-eabi/lib/thumb/v7-m/nofp\libc_nano.a(libc_a-tzvars.o)
 .rodata.__assert_func.str1.1
                0x08009d9c       0x3d E:/ST/STM32CubeIDE_1.19.0/STM32CubeIDE/plugins/com.st.stm32cube.ide.mcu.externaltools.gnu-tools-for-stm32.13.3.rel1.win32_1.0.0.202411081344/tools/bin/../lib/gcc/arm-none-eabi/13.3.1/../../../../arm-none-eabi/lib/thumb/v7-m/nofp\libc_nano.a(libc_a-assert.o)
 .rodata._ctype_
                0x08009d9c      0x101 E:/ST/STM32CubeIDE_1.19.0/STM32CubeIDE/plugins/com.st.stm32cube.ide.mcu.externaltools.gnu-tools-for-stm32.13.3.rel1.win32_1.0.0.202411081344/tools/bin/../lib/gcc/arm-none-eabi/13.3.1/../../../../arm-none-eabi/lib/thumb/v7-m/nofp\libc_nano.a(libc_a-ctype_.o)
                0x08009d9c                _ctype_
 .rodata._svfprintf_r.str1.1
                0x08009e9d       0x11 E:/ST/STM32CubeIDE_1.19.0/STM32CubeIDE/plugins/com.st.stm32cube.ide.mcu.externaltools.gnu-tools-for-stm32.13.3.rel1.win32_1.0.0.202411081344/tools/bin/../lib/gcc/arm-none-eabi/13.3.1/../../../../arm-none-eabi/lib/thumb/v7-m/nofp\libc_nano.a(libc_a-nano-svfprintf.o)
 .rodata._printf_i.str1.1
                0x08009e9d       0x22 E:/ST/STM32CubeIDE_1.19.0/STM32CubeIDE/plugins/com.st.stm32cube.ide.mcu.externaltools.gnu-tools-for-stm32.13.3.rel1.win32_1.0.0.202411081344/tools/bin/../lib/gcc/arm-none-eabi/13.3.1/../../../../arm-none-eabi/lib/thumb/v7-m/nofp\libc_nano.a(libc_a-nano-vfprintf_i.o)
 *fill*         0x08009e9d        0x3 
 .rodata.__month_lengths
                0x08009ea0       0x60 E:/ST/STM32CubeIDE_1.19.0/STM32CubeIDE/plugins/com.st.stm32cube.ide.mcu.externaltools.gnu-tools-for-stm32.13.3.rel1.win32_1.0.0.202411081344/tools/bin/../lib/gcc/arm-none-eabi/13.3.1/../../../../arm-none-eabi/lib/thumb/v7-m/nofp\libc_nano.a(libc_a-month_lengths.o)
                0x08009ea0                __month_lengths
 .rodata.__ssvfscanf_r.str1.1
                0x08009f00        0x4 E:/ST/STM32CubeIDE_1.19.0/STM32CubeIDE/plugins/com.st.stm32cube.ide.mcu.externaltools.gnu-tools-for-stm32.13.3.rel1.win32_1.0.0.202411081344/tools/bin/../lib/gcc/arm-none-eabi/13.3.1/../../../../arm-none-eabi/lib/thumb/v7-m/nofp\libc_nano.a(libc_a-nano-svfscanf.o)
 .rodata._vfprintf_r.str1.1
                0x08009f00       0x11 E:/ST/STM32CubeIDE_1.19.0/STM32CubeIDE/plugins/com.st.stm32cube.ide.mcu.externaltools.gnu-tools-for-stm32.13.3.rel1.win32_1.0.0.202411081344/tools/bin/../lib/gcc/arm-none-eabi/13.3.1/../../../../arm-none-eabi/lib/thumb/v7-m/nofp\libc_nano.a(libc_a-nano-vfprintf.o)
 .rodata._scanf_i.str1.1
                0x08009f00       0x12 E:/ST/STM32CubeIDE_1.19.0/STM32CubeIDE/plugins/com.st.stm32cube.ide.mcu.externaltools.gnu-tools-for-stm32.13.3.rel1.win32_1.0.0.202411081344/tools/bin/../lib/gcc/arm-none-eabi/13.3.1/../../../../arm-none-eabi/lib/thumb/v7-m/nofp\libc_nano.a(libc_a-nano-vfscanf_i.o)
 .rodata.str1.1
                0x08009f00        0x9 E:/ST/STM32CubeIDE_1.19.0/STM32CubeIDE/plugins/com.st.stm32cube.ide.mcu.externaltools.gnu-tools-for-stm32.13.3.rel1.win32_1.0.0.202411081344/tools/bin/../lib/gcc/arm-none-eabi/13.3.1/../../../../arm-none-eabi/lib/thumb/v7-m/nofp\libc_nano.a(libc_a-nano-vfscanf_i.o)
                0x08009f14                        . = ALIGN (0x4)

.ARM.extab      0x08009f00        0x0
                0x08009f00                        . = ALIGN (0x4)
 *(.ARM.extab* .gnu.linkonce.armextab.*)
                0x08009f00                        . = ALIGN (0x4)

.ARM            0x08009f00        0x8
                0x08009f00                        . = ALIGN (0x4)
                0x08009f00                        __exidx_start = .
 *(.ARM.exidx*)
 .ARM.exidx     0x08009f00        0x8 E:/ST/STM32CubeIDE_1.19.0/STM32CubeIDE/plugins/com.st.stm32cube.ide.mcu.externaltools.gnu-tools-for-stm32.13.3.rel1.win32_1.0.0.202411081344/tools/bin/../lib/gcc/arm-none-eabi/13.3.1/../../../../arm-none-eabi/lib/thumb/v7-m/nofp\libc_nano.a(libc_a-strcmp.o)
 .ARM.exidx     0x08009f08        0x0 E:/ST/STM32CubeIDE_1.19.0/STM32CubeIDE/plugins/com.st.stm32cube.ide.mcu.externaltools.gnu-tools-for-stm32.13.3.rel1.win32_1.0.0.202411081344/tools/bin/../lib/gcc/arm-none-eabi/13.3.1/../../../../arm-none-eabi/lib/thumb/v7-m/nofp\libc_nano.a(libc_a-strlen.o)
                                  0x8 (size before relaxing)
 .ARM.exidx     0x08009f08        0x0 E:/ST/STM32CubeIDE_1.19.0/STM32CubeIDE/plugins/com.st.stm32cube.ide.mcu.externaltools.gnu-tools-for-stm32.13.3.rel1.win32_1.0.0.202411081344/tools/bin/../lib/gcc/arm-none-eabi/13.3.1/thumb/v7-m/nofp\libgcc.a(_udivmoddi4.o)
                                  0x8 (size before relaxing)
                0x08009f08                        __exidx_end = .
                0x08009f08                        . = ALIGN (0x4)

.rel.dyn        0x08009f08        0x0
 .rel.iplt      0x08009f08        0x0 E:/ST/STM32CubeIDE_1.19.0/STM32CubeIDE/plugins/com.st.stm32cube.ide.mcu.externaltools.gnu-tools-for-stm32.13.3.rel1.win32_1.0.0.202411081344/tools/bin/../lib/gcc/arm-none-eabi/13.3.1/thumb/v7-m/nofp/crtbegin.o

.preinit_array  0x08009f08        0x0
                0x08009f08                        . = ALIGN (0x4)
                0x08009f08                        PROVIDE (__preinit_array_start = .)
 *(.preinit_array*)
                0x08009f08                        PROVIDE (__preinit_array_end = .)
                0x08009f08                        . = ALIGN (0x4)

.init_array     0x08009f08        0x4
                0x08009f08                        . = ALIGN (0x4)
                0x08009f08                        PROVIDE (__init_array_start = .)
 *(SORT_BY_NAME(.init_array.*))
 *(.init_array*)
 .init_array    0x08009f08        0x4 E:/ST/STM32CubeIDE_1.19.0/STM32CubeIDE/plugins/com.st.stm32cube.ide.mcu.externaltools.gnu-tools-for-stm32.13.3.rel1.win32_1.0.0.202411081344/tools/bin/../lib/gcc/arm-none-eabi/13.3.1/thumb/v7-m/nofp/crtbegin.o
                0x08009f0c                        PROVIDE (__init_array_end = .)
                0x08009f0c                        . = ALIGN (0x4)

.fini_array     0x08009f0c        0x4
                0x08009f0c                        . = ALIGN (0x4)
                [!provide]                        PROVIDE (__fini_array_start = .)
 *(SORT_BY_NAME(.fini_array.*))
 *(.fini_array*)
 .fini_array    0x08009f0c        0x4 E:/ST/STM32CubeIDE_1.19.0/STM32CubeIDE/plugins/com.st.stm32cube.ide.mcu.externaltools.gnu-tools-for-stm32.13.3.rel1.win32_1.0.0.202411081344/tools/bin/../lib/gcc/arm-none-eabi/13.3.1/thumb/v7-m/nofp/crtbegin.o
                [!provide]                        PROVIDE (__fini_array_end = .)
                0x08009f10                        . = ALIGN (0x4)
                0x08009f10                        _sidata = LOADADDR (.data)

.data           0x20000000      0x100 load address 0x08009f10
                0x20000000                        . = ALIGN (0x4)
                0x20000000                        _sdata = .
 *(.data)
 *(.data*)
 .data.first_enter.7
                0x20000000        0x1 ./App/Src/alarm.o
 *fill*         0x20000001        0x3 
 .data.cursor_positions.3
                0x20000004        0x6 ./App/Src/alarm.o
 .data.alarm_state.2
                0x2000000a        0x1 ./App/Src/alarm.o
 *fill*         0x2000000b        0x1 
 .data.weekdays
                0x2000000c       0x1c ./App/Src/get_time.o
                0x2000000c                weekdays
 .data.cursor_positions.0
                0x20000028        0xa ./App/Src/get_time.o
 *fill*         0x20000032        0x2 
 .data.environ  0x20000034        0x4 ./Core/Src/syscalls.o
                0x20000034                environ
 .data.SystemCoreClock
                0x20000038        0x4 ./Core/Src/system_stm32f1xx.o
                0x20000038                SystemCoreClock
 .data.uwTickPrio
                0x2000003c        0x4 ./Drivers/STM32F1xx_HAL_Driver/Src/stm32f1xx_hal.o
                0x2000003c                uwTickPrio
 .data.uwTickFreq
                0x20000040        0x1 ./Drivers/STM32F1xx_HAL_Driver/Src/stm32f1xx_hal.o
                0x20000040                uwTickFreq
 *fill*         0x20000041        0x3 
 .data.__sglue  0x20000044        0xc E:/ST/STM32CubeIDE_1.19.0/STM32CubeIDE/plugins/com.st.stm32cube.ide.mcu.externaltools.gnu-tools-for-stm32.13.3.rel1.win32_1.0.0.202411081344/tools/bin/../lib/gcc/arm-none-eabi/13.3.1/../../../../arm-none-eabi/lib/thumb/v7-m/nofp\libc_nano.a(libc_a-findfp.o)
                0x20000044                __sglue
 .data._tzname  0x20000050        0x8 E:/ST/STM32CubeIDE_1.19.0/STM32CubeIDE/plugins/com.st.stm32cube.ide.mcu.externaltools.gnu-tools-for-stm32.13.3.rel1.win32_1.0.0.202411081344/tools/bin/../lib/gcc/arm-none-eabi/13.3.1/../../../../arm-none-eabi/lib/thumb/v7-m/nofp\libc_nano.a(libc_a-tzvars.o)
                0x20000050                _tzname
 .data._impure_ptr
                0x20000058        0x4 E:/ST/STM32CubeIDE_1.19.0/STM32CubeIDE/plugins/com.st.stm32cube.ide.mcu.externaltools.gnu-tools-for-stm32.13.3.rel1.win32_1.0.0.202411081344/tools/bin/../lib/gcc/arm-none-eabi/13.3.1/../../../../arm-none-eabi/lib/thumb/v7-m/nofp\libc_nano.a(libc_a-impure.o)
                0x20000058                _impure_ptr
 .data._impure_data
                0x2000005c       0x4c E:/ST/STM32CubeIDE_1.19.0/STM32CubeIDE/plugins/com.st.stm32cube.ide.mcu.externaltools.gnu-tools-for-stm32.13.3.rel1.win32_1.0.0.202411081344/tools/bin/../lib/gcc/arm-none-eabi/13.3.1/../../../../arm-none-eabi/lib/thumb/v7-m/nofp\libc_nano.a(libc_a-impure.o)
                0x2000005c                _impure_data
 .data.tzinfo   0x200000a8       0x58 E:/ST/STM32CubeIDE_1.19.0/STM32CubeIDE/plugins/com.st.stm32cube.ide.mcu.externaltools.gnu-tools-for-stm32.13.3.rel1.win32_1.0.0.202411081344/tools/bin/../lib/gcc/arm-none-eabi/13.3.1/../../../../arm-none-eabi/lib/thumb/v7-m/nofp\libc_nano.a(libc_a-gettzinfo.o)
 *(.RamFunc)
 *(.RamFunc*)
                0x20000100                        . = ALIGN (0x4)
                0x20000100                        _edata = .

.igot.plt       0x20000100        0x0 load address 0x0800a010
 .igot.plt      0x20000100        0x0 E:/ST/STM32CubeIDE_1.19.0/STM32CubeIDE/plugins/com.st.stm32cube.ide.mcu.externaltools.gnu-tools-for-stm32.13.3.rel1.win32_1.0.0.202411081344/tools/bin/../lib/gcc/arm-none-eabi/13.3.1/thumb/v7-m/nofp/crtbegin.o
                0x20000100                        . = ALIGN (0x4)

.bss            0x20000100      0x458 load address 0x0800a010
                0x20000100                        _sbss = .
                0x20000100                        __bss_start__ = _sbss
 *(.bss)
 .bss           0x20000100       0x1c E:/ST/STM32CubeIDE_1.19.0/STM32CubeIDE/plugins/com.st.stm32cube.ide.mcu.externaltools.gnu-tools-for-stm32.13.3.rel1.win32_1.0.0.202411081344/tools/bin/../lib/gcc/arm-none-eabi/13.3.1/thumb/v7-m/nofp/crtbegin.o
 *(.bss*)
 .bss.alarmTime
                0x2000011c       0x24 ./App/Src/alarm.o
 .bss.alarmEnabled
                0x20000140        0x1 ./App/Src/alarm.o
 .bss.current_alarm_pos
                0x20000141        0x1 ./App/Src/alarm.o
 .bss.is_edit   0x20000142        0x1 ./App/Src/alarm.o
 .bss.direct_input_mode
                0x20000143        0x1 ./App/Src/alarm.o
 .bss.line1.6   0x20000144       0x11 ./App/Src/alarm.o
 *fill*         0x20000155        0x3 
 .bss.last_key_time.5
                0x20000158        0x4 ./App/Src/alarm.o
 .bss.arrow_state.4
                0x2000015c        0x1 ./App/Src/alarm.o
 *fill*         0x2000015d        0x3 
 .bss.last_state_time.1
                0x20000160        0x4 ./App/Src/alarm.o
 .bss.last_key_check.0
                0x20000164        0x4 ./App/Src/alarm.o
 .bss.CurStatus.1
                0x20000168        0x1 ./App/Src/btn_response.o
 .bss.PrevStatus.0
                0x20000169        0x1 ./App/Src/btn_response.o
 .bss.current_pos
                0x2000016a        0x1 ./App/Src/get_time.o
 *fill*         0x2000016b        0x1 
 .bss.settingTime
                0x2000016c       0x24 ./App/Src/get_time.o
 .bss.originalTime
                0x20000190       0x24 ./App/Src/get_time.o
 .bss.is_editing
                0x200001b4        0x1 ./App/Src/get_time.o
 .bss.has_unsaved_changes
                0x200001b5        0x1 ./App/Src/get_time.o
 .bss.direct_input_mode
                0x200001b6        0x1 ./App/Src/get_time.o
 .bss.current_buf.5
                0x200001b7        0x1 ./App/Src/get_time.o
 .bss.message.4
                0x200001b8       0x96 ./App/Src/get_time.o
 *fill*         0x2000024e        0x2 
 .bss.line1.3   0x20000250       0x15 ./App/Src/get_time.o
 *fill*         0x20000265        0x3 
 .bss.last_key_time.2
                0x20000268        0x4 ./App/Src/get_time.o
 .bss.arrow_state.1
                0x2000026c        0x1 ./App/Src/get_time.o
 *fill*         0x2000026d        0x3 
 .bss.stopwatch
                0x20000270       0x38 ./App/Src/timer.o
 .bss.hrtc      0x200002a8       0x14 ./Core/Src/rtc.o
                0x200002a8                hrtc
 .bss.__env     0x200002bc        0x4 ./Core/Src/syscalls.o
                0x200002bc                __env
 .bss.__sbrk_heap_end
                0x200002c0        0x4 ./Core/Src/sysmem.o
 .bss.htim4     0x200002c4       0x48 ./Core/Src/tim.o
                0x200002c4                htim4
 .bss.huart1    0x2000030c       0x48 ./Core/Src/usart.o
                0x2000030c                huart1
 .bss.hdma_usart1_rx
                0x20000354       0x44 ./Core/Src/usart.o
                0x20000354                hdma_usart1_rx
 .bss.hdma_usart1_tx
                0x20000398       0x44 ./Core/Src/usart.o
                0x20000398                hdma_usart1_tx
 .bss.uwTick    0x200003dc        0x4 ./Drivers/STM32F1xx_HAL_Driver/Src/stm32f1xx_hal.o
                0x200003dc                uwTick
 .bss.received_data.0
                0x200003e0        0x1 ./Lib/Src/blt.o
 .bss.KeyPre    0x200003e1        0x1 ./Lib/Src/matbtn.o
                0x200003e1                KeyPre
 .bss.KeyCur    0x200003e2        0x1 ./Lib/Src/matbtn.o
                0x200003e2                KeyCur
 .bss.bt_cmd_available
                0x200003e3        0x1 ./Lib/Src/matbtn.o
 .bss.bt_cmd_value
                0x200003e4        0x1 ./Lib/Src/matbtn.o
 *fill*         0x200003e5        0x3 
 .bss.__sf      0x200003e8      0x138 E:/ST/STM32CubeIDE_1.19.0/STM32CubeIDE/plugins/com.st.stm32cube.ide.mcu.externaltools.gnu-tools-for-stm32.13.3.rel1.win32_1.0.0.202411081344/tools/bin/../lib/gcc/arm-none-eabi/13.3.1/../../../../arm-none-eabi/lib/thumb/v7-m/nofp\libc_nano.a(libc_a-findfp.o)
                0x200003e8                __sf
 .bss.__stdio_exit_handler
                0x20000520        0x4 E:/ST/STM32CubeIDE_1.19.0/STM32CubeIDE/plugins/com.st.stm32cube.ide.mcu.externaltools.gnu-tools-for-stm32.13.3.rel1.win32_1.0.0.202411081344/tools/bin/../lib/gcc/arm-none-eabi/13.3.1/../../../../arm-none-eabi/lib/thumb/v7-m/nofp\libc_nano.a(libc_a-findfp.o)
                0x20000520                __stdio_exit_handler
 .bss.prev_tzenv
                0x20000524        0x4 E:/ST/STM32CubeIDE_1.19.0/STM32CubeIDE/plugins/com.st.stm32cube.ide.mcu.externaltools.gnu-tools-for-stm32.13.3.rel1.win32_1.0.0.202411081344/tools/bin/../lib/gcc/arm-none-eabi/13.3.1/../../../../arm-none-eabi/lib/thumb/v7-m/nofp\libc_nano.a(libc_a-tzset_r.o)
 .bss.__tzname_dst
                0x20000528        0xc E:/ST/STM32CubeIDE_1.19.0/STM32CubeIDE/plugins/com.st.stm32cube.ide.mcu.externaltools.gnu-tools-for-stm32.13.3.rel1.win32_1.0.0.202411081344/tools/bin/../lib/gcc/arm-none-eabi/13.3.1/../../../../arm-none-eabi/lib/thumb/v7-m/nofp\libc_nano.a(libc_a-tzset_r.o)
 .bss.__tzname_std
                0x20000534        0xc E:/ST/STM32CubeIDE_1.19.0/STM32CubeIDE/plugins/com.st.stm32cube.ide.mcu.externaltools.gnu-tools-for-stm32.13.3.rel1.win32_1.0.0.202411081344/tools/bin/../lib/gcc/arm-none-eabi/13.3.1/../../../../arm-none-eabi/lib/thumb/v7-m/nofp\libc_nano.a(libc_a-tzset_r.o)
 .bss._timezone
                0x20000540        0x4 E:/ST/STM32CubeIDE_1.19.0/STM32CubeIDE/plugins/com.st.stm32cube.ide.mcu.externaltools.gnu-tools-for-stm32.13.3.rel1.win32_1.0.0.202411081344/tools/bin/../lib/gcc/arm-none-eabi/13.3.1/../../../../arm-none-eabi/lib/thumb/v7-m/nofp\libc_nano.a(libc_a-tzvars.o)
                0x20000540                _timezone
 .bss._daylight
                0x20000544        0x4 E:/ST/STM32CubeIDE_1.19.0/STM32CubeIDE/plugins/com.st.stm32cube.ide.mcu.externaltools.gnu-tools-for-stm32.13.3.rel1.win32_1.0.0.202411081344/tools/bin/../lib/gcc/arm-none-eabi/13.3.1/../../../../arm-none-eabi/lib/thumb/v7-m/nofp\libc_nano.a(libc_a-tzvars.o)
                0x20000544                _daylight
 .bss.errno     0x20000548        0x4 E:/ST/STM32CubeIDE_1.19.0/STM32CubeIDE/plugins/com.st.stm32cube.ide.mcu.externaltools.gnu-tools-for-stm32.13.3.rel1.win32_1.0.0.202411081344/tools/bin/../lib/gcc/arm-none-eabi/13.3.1/../../../../arm-none-eabi/lib/thumb/v7-m/nofp\libc_nano.a(libc_a-reent.o)
                0x20000548                errno
 .bss.__lock___tz_mutex
                0x2000054c        0x1 E:/ST/STM32CubeIDE_1.19.0/STM32CubeIDE/plugins/com.st.stm32cube.ide.mcu.externaltools.gnu-tools-for-stm32.13.3.rel1.win32_1.0.0.202411081344/tools/bin/../lib/gcc/arm-none-eabi/13.3.1/../../../../arm-none-eabi/lib/thumb/v7-m/nofp\libc_nano.a(libc_a-lock.o)
                0x2000054c                __lock___tz_mutex
 .bss.__lock___env_recursive_mutex
                0x2000054d        0x1 E:/ST/STM32CubeIDE_1.19.0/STM32CubeIDE/plugins/com.st.stm32cube.ide.mcu.externaltools.gnu-tools-for-stm32.13.3.rel1.win32_1.0.0.202411081344/tools/bin/../lib/gcc/arm-none-eabi/13.3.1/../../../../arm-none-eabi/lib/thumb/v7-m/nofp\libc_nano.a(libc_a-lock.o)
                0x2000054d                __lock___env_recursive_mutex
 .bss.__lock___malloc_recursive_mutex
                0x2000054e        0x1 E:/ST/STM32CubeIDE_1.19.0/STM32CubeIDE/plugins/com.st.stm32cube.ide.mcu.externaltools.gnu-tools-for-stm32.13.3.rel1.win32_1.0.0.202411081344/tools/bin/../lib/gcc/arm-none-eabi/13.3.1/../../../../arm-none-eabi/lib/thumb/v7-m/nofp\libc_nano.a(libc_a-lock.o)
                0x2000054e                __lock___malloc_recursive_mutex
 .bss.__lock___sfp_recursive_mutex
                0x2000054f        0x1 E:/ST/STM32CubeIDE_1.19.0/STM32CubeIDE/plugins/com.st.stm32cube.ide.mcu.externaltools.gnu-tools-for-stm32.13.3.rel1.win32_1.0.0.202411081344/tools/bin/../lib/gcc/arm-none-eabi/13.3.1/../../../../arm-none-eabi/lib/thumb/v7-m/nofp\libc_nano.a(libc_a-lock.o)
                0x2000054f                __lock___sfp_recursive_mutex
 .bss.__malloc_sbrk_start
                0x20000550        0x4 E:/ST/STM32CubeIDE_1.19.0/STM32CubeIDE/plugins/com.st.stm32cube.ide.mcu.externaltools.gnu-tools-for-stm32.13.3.rel1.win32_1.0.0.202411081344/tools/bin/../lib/gcc/arm-none-eabi/13.3.1/../../../../arm-none-eabi/lib/thumb/v7-m/nofp\libc_nano.a(libc_a-mallocr.o)
                0x20000550                __malloc_sbrk_start
 .bss.__malloc_free_list