../App/Src/get_time.c:18:7:GetTime	48	static
../App/Src/get_time.c:43:7:GetWeekday	16	static
../App/Src/get_time.c:47:6:ShowTime	96	static
../App/Src/get_time.c:94:6:CreateArrowChars	48	static
../App/Src/get_time.c:169:9:SaveTimeToRTC	8	static
../App/Src/get_time.c:179:6:SaveTimeFromLine1	16	static
../App/Src/get_time.c:203:9:GetDaysInMonth	16	static
../App/Src/get_time.c:230:6:ValidateDay	24	static
../App/Src/get_time.c:253:6:AdjustCurrentDigit	16	static
../App/Src/get_time.c:327:6:ValidateSettingTime	16	static
../App/Src/get_time.c:363:13:ProcessDirectInput	40	static
../App/Src/get_time.c:463:6:DateTimeEditModeCompact	72	static
../App/Src/get_time.c:701:6:ChangeTime	16	static
